#
# There is insufficient memory for the Java Runtime Environment to continue.
# Native memory allocation (malloc) failed to allocate 458576 bytes. Error detail: Chunk::new
# Possible reasons:
#   The system is out of physical RAM or swap space
#   This process is running with CompressedOops enabled, and the Java Heap may be blocking the growth of the native heap
# Possible solutions:
#   Reduce memory load on the system
#   Increase physical memory or swap space
#   Check if swap backing store is full
#   Decrease Java heap size (-Xmx/-Xms)
#   Decrease number of Java threads
#   Decrease Java thread stack sizes (-Xss)
#   Set larger code cache with -XX:ReservedCodeCacheSize=
#   JVM is running with Unscaled Compressed Oops mode in which the Java heap is
#     placed in the first 4GB address space. The Java Heap base address is the
#     maximum limit for the native heap growth. Please use -XX:HeapBaseMinAddress
#     to set the Java Heap base and to place the Java Heap above 4GB virtual address.
# This output file may be truncated or incomplete.
#
#  Out of Memory Error (arena.cpp:168), pid=2144, tid=8376
#
# JRE version: OpenJDK Runtime Environment Temurin-21.0.7+6 (21.0.7+6) (build 21.0.7+6-LTS)
# Java VM: OpenJDK 64-Bit Server VM Temurin-21.0.7+6 (21.0.7+6-LTS, mixed mode, sharing, tiered, compressed oops, compressed class ptrs, parallel gc, windows-amd64)
# No core dump will be written. Minidumps are not enabled by default on client versions of Windows
#

---------------  S U M M A R Y ------------

Command Line: --add-modules=ALL-SYSTEM --add-opens=java.base/java.util=ALL-UNNAMED --add-opens=java.base/java.lang=ALL-UNNAMED --add-opens=java.base/sun.nio.fs=ALL-UNNAMED -Declipse.application=org.eclipse.jdt.ls.core.id1 -Dosgi.bundles.defaultStartLevel=4 -Declipse.product=org.eclipse.jdt.ls.core.product -Djava.import.generatesMetadataFilesAtProjectRoot=false -DDetectVMInstallationsJob.disabled=true -Dfile.encoding=utf8 -XX:+UseParallelGC -XX:GCTimeRatio=4 -XX:AdaptiveSizePolicyWeight=90 -Dsun.zip.disableMemoryMapping=true -Xmx2G -Xms100m -Xlog:disable -javaagent:c:\Users\arnab bandyopadhyay\.vscode\extensions\redhat.java-1.43.1-win32-x64\lombok\lombok-1.18.39-4050.jar -XX:+HeapDumpOnOutOfMemoryError -XX:HeapDumpPath=c:\Users\arnab bandyopadhyay\AppData\Roaming\Code\User\workspaceStorage\e580bcd81b936e536e891235020ce0da\redhat.java -Daether.dependencyCollector.impl=bf c:\Users\arnab bandyopadhyay\.vscode\extensions\redhat.java-1.43.1-win32-x64\server\plugins\org.eclipse.equinox.launcher_1.7.0.v20250519-0528.jar -configuration c:\Users\arnab bandyopadhyay\AppData\Roaming\Code\User\globalStorage\redhat.java\1.43.1\config_win -data c:\Users\arnab bandyopadhyay\AppData\Roaming\Code\User\workspaceStorage\e580bcd81b936e536e891235020ce0da\redhat.java\jdt_ws --pipe=\\.\pipe\lsp-767f0ab81b19d2d3ff7375c25c9e5eb5-sock

Host: 11th Gen Intel(R) Core(TM) i3-1125G4 @ 2.00GHz, 8 cores, 7G,  Windows 11 , 64 bit Build 22621 (10.0.22621.5415)
Time: Sun Jul 13 00:00:31 2025 India Standard Time elapsed time: 18.723072 seconds (0d 0h 0m 18s)

---------------  T H R E A D  ---------------

Current thread (0x0000017d7d709e40):  JavaThread "C2 CompilerThread0" daemon [_thread_in_native, id=8376, stack(0x0000007908400000,0x0000007908500000) (1024K)]


Current CompileTask:
C2:18723 7526 %     4       java.util.zip.ZipFile$Source::initCEN @ 261 (612 bytes)

Stack: [0x0000007908400000,0x0000007908500000]
Native frames: (J=compiled Java code, j=interpreted, Vv=VM code, C=native code)
V  [jvm.dll+0x6ce119]
V  [jvm.dll+0x8a84a1]
V  [jvm.dll+0x8aa9ce]
V  [jvm.dll+0x8ab0b3]
V  [jvm.dll+0x27f8a6]
V  [jvm.dll+0xc507d]
V  [jvm.dll+0xc55b3]
V  [jvm.dll+0x3b68f2]
V  [jvm.dll+0x1e0029]
V  [jvm.dll+0x247c42]
V  [jvm.dll+0x2470cf]
V  [jvm.dll+0x1c760e]
V  [jvm.dll+0x25695a]
V  [jvm.dll+0x254efa]
V  [jvm.dll+0x3f03f6]
V  [jvm.dll+0x851f6b]
V  [jvm.dll+0x6cc7dd]
C  [ucrtbase.dll+0x29333]
C  [KERNEL32.DLL+0x1259d]
C  [ntdll.dll+0x5af78]


---------------  P R O C E S S  ---------------

Threads class SMR info:
_java_thread_list=0x0000017d46b0b4e0, length=40, elements={
0x0000017d66c9dc00, 0x0000017d7d6ff7b0, 0x0000017d7d703bc0, 0x0000017d7d705b90,
0x0000017d7d7068a0, 0x0000017d7d7075b0, 0x0000017d7d709010, 0x0000017d7d709e40,
0x0000017d7efe00d0, 0x0000017d7f07dee0, 0x0000017d7f2add70, 0x0000017d7f90d1a0,
0x0000017d7fa0f910, 0x0000017d7f9fde30, 0x0000017d4504fef0, 0x0000017d4548da70,
0x0000017d452afd30, 0x0000017d45499e30, 0x0000017d45497040, 0x0000017d4549a4c0,
0x0000017d45499110, 0x0000017d45497d60, 0x0000017d454976d0, 0x0000017d454983f0,
0x0000017d45498a80, 0x0000017d4659a2e0, 0x0000017d4659bd20, 0x0000017d4659a970,
0x0000017d46596140, 0x0000017d46596e60, 0x0000017d46595ab0, 0x0000017d4659c3b0,
0x0000017d465988a0, 0x0000017d46599c50, 0x0000017d46598f30, 0x0000017d465974f0,
0x0000017d46598210, 0x0000017d465995c0, 0x0000017d4659b690, 0x0000017d4659ca40
}

Java Threads: ( => current thread )
  0x0000017d66c9dc00 JavaThread "main"                              [_thread_blocked, id=11944, stack(0x0000007907a00000,0x0000007907b00000) (1024K)]
  0x0000017d7d6ff7b0 JavaThread "Reference Handler"          daemon [_thread_blocked, id=14144, stack(0x0000007907e00000,0x0000007907f00000) (1024K)]
  0x0000017d7d703bc0 JavaThread "Finalizer"                  daemon [_thread_blocked, id=19820, stack(0x0000007907f00000,0x0000007908000000) (1024K)]
  0x0000017d7d705b90 JavaThread "Signal Dispatcher"          daemon [_thread_blocked, id=15436, stack(0x0000007908000000,0x0000007908100000) (1024K)]
  0x0000017d7d7068a0 JavaThread "Attach Listener"            daemon [_thread_blocked, id=16856, stack(0x0000007908100000,0x0000007908200000) (1024K)]
  0x0000017d7d7075b0 JavaThread "Service Thread"             daemon [_thread_blocked, id=14880, stack(0x0000007908200000,0x0000007908300000) (1024K)]
  0x0000017d7d709010 JavaThread "Monitor Deflation Thread"   daemon [_thread_blocked, id=9208, stack(0x0000007908300000,0x0000007908400000) (1024K)]
=>0x0000017d7d709e40 JavaThread "C2 CompilerThread0"         daemon [_thread_in_native, id=8376, stack(0x0000007908400000,0x0000007908500000) (1024K)]
  0x0000017d7efe00d0 JavaThread "C1 CompilerThread0"         daemon [_thread_blocked, id=7180, stack(0x0000007908500000,0x0000007908600000) (1024K)]
  0x0000017d7f07dee0 JavaThread "Common-Cleaner"             daemon [_thread_blocked, id=5048, stack(0x0000007908600000,0x0000007908700000) (1024K)]
  0x0000017d7f2add70 JavaThread "Notification Thread"        daemon [_thread_blocked, id=1960, stack(0x0000007908700000,0x0000007908800000) (1024K)]
  0x0000017d7f90d1a0 JavaThread "Active Thread: Equinox Container: 780e35ca-0936-4a00-b395-71c67fa03638"        [_thread_blocked, id=13716, stack(0x0000007908900000,0x0000007908a00000) (1024K)]
  0x0000017d7fa0f910 JavaThread "Refresh Thread: Equinox Container: 780e35ca-0936-4a00-b395-71c67fa03638" daemon [_thread_blocked, id=16460, stack(0x0000007909100000,0x0000007909200000) (1024K)]
  0x0000017d7f9fde30 JavaThread "Framework Event Dispatcher: Equinox Container: 780e35ca-0936-4a00-b395-71c67fa03638" daemon [_thread_blocked, id=15232, stack(0x0000007909200000,0x0000007909300000) (1024K)]
  0x0000017d4504fef0 JavaThread "Start Level: Equinox Container: 780e35ca-0936-4a00-b395-71c67fa03638" daemon [_thread_blocked, id=20172, stack(0x0000007909300000,0x0000007909400000) (1024K)]
  0x0000017d4548da70 JavaThread "Bundle File Closer"         daemon [_thread_blocked, id=14576, stack(0x0000007909400000,0x0000007909500000) (1024K)]
  0x0000017d452afd30 JavaThread "SCR Component Actor"        daemon [_thread_blocked, id=9416, stack(0x0000007909500000,0x0000007909600000) (1024K)]
  0x0000017d45499e30 JavaThread "Worker-JM"                         [_thread_blocked, id=17304, stack(0x0000007908800000,0x0000007908900000) (1024K)]
  0x0000017d45497040 JavaThread "JNA Cleaner"                daemon [_thread_blocked, id=11396, stack(0x0000007909700000,0x0000007909800000) (1024K)]
  0x0000017d4549a4c0 JavaThread "Worker-0"                          [_thread_blocked, id=12012, stack(0x0000007909800000,0x0000007909900000) (1024K)]
  0x0000017d45499110 JavaThread "Worker-1"                          [_thread_blocked, id=18492, stack(0x0000007909900000,0x0000007909a00000) (1024K)]
  0x0000017d45497d60 JavaThread "Worker-2: Java indexing... "        [_thread_blocked, id=6768, stack(0x0000007909b00000,0x0000007909c00000) (1024K)]
  0x0000017d454976d0 JavaThread "Worker-3"                          [_thread_blocked, id=2248, stack(0x0000007909c00000,0x0000007909d00000) (1024K)]
  0x0000017d454983f0 JavaThread "Java indexing"              daemon [_thread_in_Java, id=12048, stack(0x0000007909d00000,0x0000007909e00000) (1024K)]
  0x0000017d45498a80 JavaThread "Worker-4"                          [_thread_blocked, id=16580, stack(0x0000007909e00000,0x0000007909f00000) (1024K)]
  0x0000017d4659a2e0 JavaThread "Worker-5: Initialize Workspace"        [_thread_blocked, id=17820, stack(0x0000007909f00000,0x000000790a000000) (1024K)]
  0x0000017d4659bd20 JavaThread "Thread-2"                   daemon [_thread_in_native, id=9104, stack(0x000000790a000000,0x000000790a100000) (1024K)]
  0x0000017d4659a970 JavaThread "Thread-3"                   daemon [_thread_in_native, id=16176, stack(0x000000790a100000,0x000000790a200000) (1024K)]
  0x0000017d46596140 JavaThread "Thread-4"                   daemon [_thread_in_native, id=3636, stack(0x000000790a200000,0x000000790a300000) (1024K)]
  0x0000017d46596e60 JavaThread "Thread-5"                   daemon [_thread_in_native, id=19228, stack(0x000000790a300000,0x000000790a400000) (1024K)]
  0x0000017d46595ab0 JavaThread "Thread-6"                   daemon [_thread_in_native, id=2880, stack(0x000000790a400000,0x000000790a500000) (1024K)]
  0x0000017d4659c3b0 JavaThread "Thread-7"                   daemon [_thread_in_native, id=10184, stack(0x000000790a500000,0x000000790a600000) (1024K)]
  0x0000017d465988a0 JavaThread "Thread-8"                   daemon [_thread_in_native, id=13692, stack(0x000000790a600000,0x000000790a700000) (1024K)]
  0x0000017d46599c50 JavaThread "Thread-9"                   daemon [_thread_in_native, id=19168, stack(0x000000790a700000,0x000000790a800000) (1024K)]
  0x0000017d46598f30 JavaThread "Thread-10"                  daemon [_thread_in_native, id=19732, stack(0x000000790a800000,0x000000790a900000) (1024K)]
  0x0000017d465974f0 JavaThread "pool-2-thread-1"                   [_thread_blocked, id=3956, stack(0x000000790a900000,0x000000790aa00000) (1024K)]
  0x0000017d46598210 JavaThread "WorkspaceEventsHandler"            [_thread_blocked, id=19948, stack(0x000000790aa00000,0x000000790ab00000) (1024K)]
  0x0000017d465995c0 JavaThread "pool-1-thread-1"                   [_thread_blocked, id=19872, stack(0x000000790ab00000,0x000000790ac00000) (1024K)]
  0x0000017d4659b690 JavaThread "Timer-0"                           [_thread_blocked, id=15352, stack(0x0000007909600000,0x0000007909700000) (1024K)]
  0x0000017d4659ca40 JavaThread "Connection worker"                 [_thread_in_native, id=15580, stack(0x0000007909a00000,0x0000007909b00000) (1024K)]
Total: 40

Other Threads:
  0x0000017d66d5e580 VMThread "VM Thread"                           [id=3328, stack(0x0000007907d00000,0x0000007907e00000) (1024K)]
  0x0000017d66d079b0 WatcherThread "VM Periodic Task Thread"        [id=1900, stack(0x0000007907c00000,0x0000007907d00000) (1024K)]
  0x0000017d66cbb230 WorkerThread "GC Thread#0"                     [id=12428, stack(0x0000007907b00000,0x0000007907c00000) (1024K)]
  0x0000017d7f481710 WorkerThread "GC Thread#1"                     [id=17064, stack(0x0000007908a00000,0x0000007908b00000) (1024K)]
  0x0000017d7f4eaee0 WorkerThread "GC Thread#2"                     [id=20092, stack(0x0000007908b00000,0x0000007908c00000) (1024K)]
  0x0000017d7f4eb280 WorkerThread "GC Thread#3"                     [id=17676, stack(0x0000007908c00000,0x0000007908d00000) (1024K)]
  0x0000017d7f4ebe30 WorkerThread "GC Thread#4"                     [id=9384, stack(0x0000007908d00000,0x0000007908e00000) (1024K)]
  0x0000017d7f4ec1d0 WorkerThread "GC Thread#5"                     [id=18388, stack(0x0000007908e00000,0x0000007908f00000) (1024K)]
  0x0000017d7f4ec570 WorkerThread "GC Thread#6"                     [id=14056, stack(0x0000007908f00000,0x0000007909000000) (1024K)]
  0x0000017d7fa0f020 WorkerThread "GC Thread#7"                     [id=5260, stack(0x0000007909000000,0x0000007909100000) (1024K)]
Total: 10

Threads with active compile tasks:
C2 CompilerThread0  18759 7526 %     4       java.util.zip.ZipFile$Source::initCEN @ 261 (612 bytes)
Total: 1

VM state: not at safepoint (normal execution)

VM Mutex/Monitor currently owned by a thread: None

Heap address: 0x0000000080000000, size: 2048 MB, Compressed Oops mode: 32-bit

CDS archive(s) mapped at: [0x0000017d00000000-0x0000017d00ba0000-0x0000017d00ba0000), size 12189696, SharedBaseAddress: 0x0000017d00000000, ArchiveRelocationMode: 1.
Compressed class space mapped at: 0x0000017d01000000-0x0000017d41000000, reserved size: 1073741824
Narrow klass base: 0x0000017d00000000, Narrow klass shift: 0, Narrow klass range: 0x100000000

GC Precious Log:
 CardTable entry size: 512
 CPUs: 8 total, 8 available
 Memory: 7834M
 Large Page Support: Disabled
 NUMA Support: Disabled
 Compressed Oops: Enabled (32-bit)
 Alignments: Space 512K, Generation 512K, Heap 2M
 Heap Min Capacity: 100M
 Heap Initial Capacity: 100M
 Heap Max Capacity: 2G
 Pre-touch: Disabled
 Parallel Workers: 8

Heap:
 PSYoungGen      total 8192K, used 7352K [0x00000000d5580000, 0x00000000d5f80000, 0x0000000100000000)
  eden space 7168K, 88% used [0x00000000d5580000,0x00000000d5bae880,0x00000000d5c80000)
  from space 1024K, 99% used [0x00000000d5e80000,0x00000000d5f7f858,0x00000000d5f80000)
  to   space 512K, 0% used [0x00000000d5d80000,0x00000000d5d80000,0x00000000d5e00000)
 ParOldGen       total 189440K, used 189180K [0x0000000080000000, 0x000000008b900000, 0x00000000d5580000)
  object space 189440K, 99% used [0x0000000080000000,0x000000008b8bf250,0x000000008b900000)
 Metaspace       used 52297K, committed 53568K, reserved 1114112K
  class space    used 5636K, committed 6144K, reserved 1048576K

Card table byte_map: [0x0000017d66640000,0x0000017d66a50000] _byte_map_base: 0x0000017d66240000

Marking Bits: (ParMarkBitMap*) 0x00007ffd1cc531f0
 Begin Bits: [0x0000017d79140000, 0x0000017d7b140000)
 End Bits:   [0x0000017d7b140000, 0x0000017d7d140000)

Polling page: 0x0000017d64b60000

Metaspace:

Usage:
  Non-class:     45.57 MB used.
      Class:      5.50 MB used.
       Both:     51.07 MB used.

Virtual space:
  Non-class space:       64.00 MB reserved,      46.31 MB ( 72%) committed,  1 nodes.
      Class space:        1.00 GB reserved,       6.00 MB ( <1%) committed,  1 nodes.
             Both:        1.06 GB reserved,      52.31 MB (  5%) committed. 

Chunk freelists:
   Non-Class:  1.12 MB
       Class:  10.03 MB
        Both:  11.15 MB

MaxMetaspaceSize: unlimited
CompressedClassSpaceSize: 1.00 GB
Initial GC threshold: 21.00 MB
Current GC threshold: 58.38 MB
CDS: on
 - commit_granule_bytes: 65536.
 - commit_granule_words: 8192.
 - virtual_space_node_default_size: 8388608.
 - enlarge_chunks_in_place: 1.
 - use_allocation_guard: 0.


Internal statistics:

num_allocs_failed_limit: 6.
num_arena_births: 894.
num_arena_deaths: 14.
num_vsnodes_births: 2.
num_vsnodes_deaths: 0.
num_space_committed: 837.
num_space_uncommitted: 0.
num_chunks_returned_to_freelist: 20.
num_chunks_taken_from_freelist: 3156.
num_chunk_merges: 10.
num_chunk_splits: 2028.
num_chunks_enlarged: 1270.
num_inconsistent_stats: 0.

CodeHeap 'non-profiled nmethods': size=120000Kb used=4873Kb max_used=4873Kb free=115126Kb
 bounds [0x0000017d71960000, 0x0000017d71e30000, 0x0000017d78e90000]
CodeHeap 'profiled nmethods': size=120000Kb used=14671Kb max_used=14671Kb free=105328Kb
 bounds [0x0000017d69e90000, 0x0000017d6acf0000, 0x0000017d713c0000]
CodeHeap 'non-nmethods': size=5760Kb used=1411Kb max_used=1472Kb free=4348Kb
 bounds [0x0000017d713c0000, 0x0000017d71630000, 0x0000017d71960000]
 total_blobs=7680 nmethods=6973 adapters=613
 compilation: enabled
              stopped_count=0, restarted_count=0
 full_count=0

Compilation events (20 events):
Event: 18.647 Thread 0x0000017d7efe00d0 7537       3       org.eclipse.osgi.internal.container.KeyBasedLockStore::getLock (105 bytes)
Event: 18.648 Thread 0x0000017d7efe00d0 nmethod 7537 0x0000017d6acd9810 code [0x0000017d6acd9ae0, 0x0000017d6acdaaf8]
Event: 18.650 Thread 0x0000017d7d709e40 nmethod 7512 0x0000017d71e1b910 code [0x0000017d71e1be20, 0x0000017d71e1f1d0]
Event: 18.650 Thread 0x0000017d7d709e40 7526 %     4       java.util.zip.ZipFile$Source::initCEN @ 261 (612 bytes)
Event: 18.652 Thread 0x0000017d7efe00d0 7538       3       jdk.internal.loader.FileURLMapper::getPath (139 bytes)
Event: 18.653 Thread 0x0000017d7efe00d0 nmethod 7538 0x0000017d6acdb090 code [0x0000017d6acdb380, 0x0000017d6acdc010]
Event: 18.682 Thread 0x0000017d7efe00d0 7540   !   3       java.util.zip.ZipFile$Source::checkAndAddEntry (295 bytes)
Event: 18.684 Thread 0x0000017d7efe00d0 nmethod 7540 0x0000017d6acdc590 code [0x0000017d6acdc980, 0x0000017d6acde3d8]
Event: 18.684 Thread 0x0000017d7efe00d0 7542       3       java.util.zip.ZipFile$Source::isMetaName (141 bytes)
Event: 18.684 Thread 0x0000017d7efe00d0 nmethod 7542 0x0000017d6acdf310 code [0x0000017d6acdf4e0, 0x0000017d6acdf980]
Event: 18.695 Thread 0x0000017d7efe00d0 7548       3       org.eclipse.jdt.internal.compiler.classfmt.FieldInfo::createField (450 bytes)
Event: 18.697 Thread 0x0000017d7efe00d0 nmethod 7548 0x0000017d6acdfb10 code [0x0000017d6acdfec0, 0x0000017d6ace1c00]
Event: 18.701 Thread 0x0000017d7efe00d0 7549   !   3       java.nio.HeapCharBuffer::toString (30 bytes)
Event: 18.701 Thread 0x0000017d7efe00d0 nmethod 7549 0x0000017d6ace2790 code [0x0000017d6ace2960, 0x0000017d6ace2c20]
Event: 18.709 Thread 0x0000017d7efe00d0 7550       3       java.lang.String::hashCode (60 bytes)
Event: 18.710 Thread 0x0000017d7efe00d0 nmethod 7550 0x0000017d6ace2d90 code [0x0000017d6ace2f60, 0x0000017d6ace32a0]
Event: 18.710 Thread 0x0000017d7efe00d0 7551       3       java.util.zip.ZipFile$1::getManifestName (6 bytes)
Event: 18.710 Thread 0x0000017d7efe00d0 nmethod 7551 0x0000017d6ace3390 code [0x0000017d6ace3540, 0x0000017d6ace3688]
Event: 18.714 Thread 0x0000017d7efe00d0 7552   !   3       java.util.zip.ZipFile::getManifestName (61 bytes)
Event: 18.715 Thread 0x0000017d7efe00d0 nmethod 7552 0x0000017d6ace3790 code [0x0000017d6ace3960, 0x0000017d6ace3cf8]

GC Heap History (20 events):
Event: 15.703 GC heap before
{Heap before GC invocations=83 (full 2):
 PSYoungGen      total 9216K, used 9027K [0x00000000d5580000, 0x00000000d6080000, 0x0000000100000000)
  eden space 7168K, 100% used [0x00000000d5580000,0x00000000d5c80000,0x00000000d5c80000)
  from space 2048K, 90% used [0x00000000d5e80000,0x00000000d6050d58,0x00000000d6080000)
  to   space 2048K, 0% used [0x00000000d5c80000,0x00000000d5c80000,0x00000000d5e80000)
 ParOldGen       total 173568K, used 173348K [0x0000000080000000, 0x000000008a980000, 0x00000000d5580000)
  object space 173568K, 99% used [0x0000000080000000,0x000000008a949178,0x000000008a980000)
 Metaspace       used 48829K, committed 50112K, reserved 1114112K
  class space    used 5154K, committed 5696K, reserved 1048576K
}
Event: 15.707 GC heap after
{Heap after GC invocations=83 (full 2):
 PSYoungGen      total 9216K, used 1790K [0x00000000d5580000, 0x00000000d6080000, 0x0000000100000000)
  eden space 7168K, 0% used [0x00000000d5580000,0x00000000d5580000,0x00000000d5c80000)
  from space 2048K, 87% used [0x00000000d5c80000,0x00000000d5e3f8a8,0x00000000d5e80000)
  to   space 2048K, 0% used [0x00000000d5e80000,0x00000000d5e80000,0x00000000d6080000)
 ParOldGen       total 175104K, used 175035K [0x0000000080000000, 0x000000008ab00000, 0x00000000d5580000)
  object space 175104K, 99% used [0x0000000080000000,0x000000008aaeefe8,0x000000008ab00000)
 Metaspace       used 48829K, committed 50112K, reserved 1114112K
  class space    used 5154K, committed 5696K, reserved 1048576K
}
Event: 15.772 GC heap before
{Heap before GC invocations=84 (full 2):
 PSYoungGen      total 9216K, used 8958K [0x00000000d5580000, 0x00000000d6080000, 0x0000000100000000)
  eden space 7168K, 100% used [0x00000000d5580000,0x00000000d5c80000,0x00000000d5c80000)
  from space 2048K, 87% used [0x00000000d5c80000,0x00000000d5e3f8a8,0x00000000d5e80000)
  to   space 2048K, 0% used [0x00000000d5e80000,0x00000000d5e80000,0x00000000d6080000)
 ParOldGen       total 175104K, used 175035K [0x0000000080000000, 0x000000008ab00000, 0x00000000d5580000)
  object space 175104K, 99% used [0x0000000080000000,0x000000008aaeefe8,0x000000008ab00000)
 Metaspace       used 49146K, committed 50368K, reserved 1114112K
  class space    used 5198K, committed 5696K, reserved 1048576K
}
Event: 15.775 GC heap after
{Heap after GC invocations=84 (full 2):
 PSYoungGen      total 8704K, used 1298K [0x00000000d5580000, 0x00000000d6000000, 0x0000000100000000)
  eden space 7168K, 0% used [0x00000000d5580000,0x00000000d5580000,0x00000000d5c80000)
  from space 1536K, 84% used [0x00000000d5e80000,0x00000000d5fc48a0,0x00000000d6000000)
  to   space 1536K, 0% used [0x00000000d5d00000,0x00000000d5d00000,0x00000000d5e80000)
 ParOldGen       total 177152K, used 176681K [0x0000000080000000, 0x000000008ad00000, 0x00000000d5580000)
  object space 177152K, 99% used [0x0000000080000000,0x000000008ac8a440,0x000000008ad00000)
 Metaspace       used 49146K, committed 50368K, reserved 1114112K
  class space    used 5198K, committed 5696K, reserved 1048576K
}
Event: 15.888 GC heap before
{Heap before GC invocations=85 (full 2):
 PSYoungGen      total 8704K, used 7187K [0x00000000d5580000, 0x00000000d6000000, 0x0000000100000000)
  eden space 7168K, 82% used [0x00000000d5580000,0x00000000d5b404c0,0x00000000d5c80000)
  from space 1536K, 84% used [0x00000000d5e80000,0x00000000d5fc48a0,0x00000000d6000000)
  to   space 1536K, 0% used [0x00000000d5d00000,0x00000000d5d00000,0x00000000d5e80000)
 ParOldGen       total 177152K, used 176681K [0x0000000080000000, 0x000000008ad00000, 0x00000000d5580000)
  object space 177152K, 99% used [0x0000000080000000,0x000000008ac8a440,0x000000008ad00000)
 Metaspace       used 49500K, committed 50752K, reserved 1114112K
  class space    used 5234K, committed 5760K, reserved 1048576K
}
Event: 15.891 GC heap after
{Heap after GC invocations=85 (full 2):
 PSYoungGen      total 8704K, used 1300K [0x00000000d5580000, 0x00000000d5f80000, 0x0000000100000000)
  eden space 7168K, 0% used [0x00000000d5580000,0x00000000d5580000,0x00000000d5c80000)
  from space 1536K, 84% used [0x00000000d5d00000,0x00000000d5e45370,0x00000000d5e80000)
  to   space 1024K, 0% used [0x00000000d5e80000,0x00000000d5e80000,0x00000000d5f80000)
 ParOldGen       total 178176K, used 177830K [0x0000000080000000, 0x000000008ae00000, 0x00000000d5580000)
  object space 178176K, 99% used [0x0000000080000000,0x000000008ada9898,0x000000008ae00000)
 Metaspace       used 49500K, committed 50752K, reserved 1114112K
  class space    used 5234K, committed 5760K, reserved 1048576K
}
Event: 16.044 GC heap before
{Heap before GC invocations=86 (full 2):
 PSYoungGen      total 8704K, used 8468K [0x00000000d5580000, 0x00000000d5f80000, 0x0000000100000000)
  eden space 7168K, 100% used [0x00000000d5580000,0x00000000d5c80000,0x00000000d5c80000)
  from space 1536K, 84% used [0x00000000d5d00000,0x00000000d5e45370,0x00000000d5e80000)
  to   space 1024K, 0% used [0x00000000d5e80000,0x00000000d5e80000,0x00000000d5f80000)
 ParOldGen       total 178176K, used 177830K [0x0000000080000000, 0x000000008ae00000, 0x00000000d5580000)
  object space 178176K, 99% used [0x0000000080000000,0x000000008ada9898,0x000000008ae00000)
 Metaspace       used 49848K, committed 51008K, reserved 1114112K
  class space    used 5272K, committed 5760K, reserved 1048576K
}
Event: 16.049 GC heap after
{Heap after GC invocations=86 (full 2):
 PSYoungGen      total 7680K, used 320K [0x00000000d5580000, 0x00000000d5f00000, 0x0000000100000000)
  eden space 7168K, 0% used [0x00000000d5580000,0x00000000d5580000,0x00000000d5c80000)
  from space 512K, 62% used [0x00000000d5e80000,0x00000000d5ed0000,0x00000000d5f00000)
  to   space 1024K, 0% used [0x00000000d5d00000,0x00000000d5d00000,0x00000000d5e00000)
 ParOldGen       total 182784K, used 182428K [0x0000000080000000, 0x000000008b280000, 0x00000000d5580000)
  object space 182784K, 99% used [0x0000000080000000,0x000000008b2271e8,0x000000008b280000)
 Metaspace       used 49848K, committed 51008K, reserved 1114112K
  class space    used 5272K, committed 5760K, reserved 1048576K
}
Event: 16.392 GC heap before
{Heap before GC invocations=87 (full 2):
 PSYoungGen      total 7680K, used 7488K [0x00000000d5580000, 0x00000000d5f00000, 0x0000000100000000)
  eden space 7168K, 100% used [0x00000000d5580000,0x00000000d5c80000,0x00000000d5c80000)
  from space 512K, 62% used [0x00000000d5e80000,0x00000000d5ed0000,0x00000000d5f00000)
  to   space 1024K, 0% used [0x00000000d5d00000,0x00000000d5d00000,0x00000000d5e00000)
 ParOldGen       total 182784K, used 182428K [0x0000000080000000, 0x000000008b280000, 0x00000000d5580000)
  object space 182784K, 99% used [0x0000000080000000,0x000000008b2271e8,0x000000008b280000)
 Metaspace       used 50489K, committed 51648K, reserved 1114112K
  class space    used 5340K, committed 5824K, reserved 1048576K
}
Event: 16.397 GC heap after
{Heap after GC invocations=87 (full 2):
 PSYoungGen      total 8192K, used 976K [0x00000000d5580000, 0x00000000d5f80000, 0x0000000100000000)
  eden space 7168K, 0% used [0x00000000d5580000,0x00000000d5580000,0x00000000d5c80000)
  from space 1024K, 95% used [0x00000000d5d00000,0x00000000d5df4010,0x00000000d5e00000)
  to   space 1536K, 0% used [0x00000000d5e00000,0x00000000d5e00000,0x00000000d5f80000)
 ParOldGen       total 182784K, used 182572K [0x0000000080000000, 0x000000008b280000, 0x00000000d5580000)
  object space 182784K, 99% used [0x0000000080000000,0x000000008b24b1f8,0x000000008b280000)
 Metaspace       used 50489K, committed 51648K, reserved 1114112K
  class space    used 5340K, committed 5824K, reserved 1048576K
}
Event: 16.688 GC heap before
{Heap before GC invocations=88 (full 2):
 PSYoungGen      total 8192K, used 8144K [0x00000000d5580000, 0x00000000d5f80000, 0x0000000100000000)
  eden space 7168K, 100% used [0x00000000d5580000,0x00000000d5c80000,0x00000000d5c80000)
  from space 1024K, 95% used [0x00000000d5d00000,0x00000000d5df4010,0x00000000d5e00000)
  to   space 1536K, 0% used [0x00000000d5e00000,0x00000000d5e00000,0x00000000d5f80000)
 ParOldGen       total 182784K, used 182572K [0x0000000080000000, 0x000000008b280000, 0x00000000d5580000)
  object space 182784K, 99% used [0x0000000080000000,0x000000008b24b1f8,0x000000008b280000)
 Metaspace       used 50991K, committed 52224K, reserved 1114112K
  class space    used 5424K, committed 5952K, reserved 1048576K
}
Event: 16.691 GC heap after
{Heap after GC invocations=88 (full 2):
 PSYoungGen      total 8192K, used 896K [0x00000000d5580000, 0x00000000d5f00000, 0x0000000100000000)
  eden space 7168K, 0% used [0x00000000d5580000,0x00000000d5580000,0x00000000d5c80000)
  from space 1024K, 87% used [0x00000000d5e00000,0x00000000d5ee0000,0x00000000d5f00000)
  to   space 1024K, 0% used [0x00000000d5d00000,0x00000000d5d00000,0x00000000d5e00000)
 ParOldGen       total 183808K, used 183439K [0x0000000080000000, 0x000000008b380000, 0x00000000d5580000)
  object space 183808K, 99% used [0x0000000080000000,0x000000008b323c68,0x000000008b380000)
 Metaspace       used 50991K, committed 52224K, reserved 1114112K
  class space    used 5424K, committed 5952K, reserved 1048576K
}
Event: 16.727 GC heap before
{Heap before GC invocations=89 (full 2):
 PSYoungGen      total 8192K, used 8064K [0x00000000d5580000, 0x00000000d5f00000, 0x0000000100000000)
  eden space 7168K, 100% used [0x00000000d5580000,0x00000000d5c80000,0x00000000d5c80000)
  from space 1024K, 87% used [0x00000000d5e00000,0x00000000d5ee0000,0x00000000d5f00000)
  to   space 1024K, 0% used [0x00000000d5d00000,0x00000000d5d00000,0x00000000d5e00000)
 ParOldGen       total 183808K, used 183439K [0x0000000080000000, 0x000000008b380000, 0x00000000d5580000)
  object space 183808K, 99% used [0x0000000080000000,0x000000008b323c68,0x000000008b380000)
 Metaspace       used 51039K, committed 52288K, reserved 1114112K
  class space    used 5436K, committed 5952K, reserved 1048576K
}
Event: 16.729 GC heap after
{Heap after GC invocations=89 (full 2):
 PSYoungGen      total 8192K, used 1011K [0x00000000d5580000, 0x00000000d6180000, 0x0000000100000000)
  eden space 7168K, 0% used [0x00000000d5580000,0x00000000d5580000,0x00000000d5c80000)
  from space 1024K, 98% used [0x00000000d5d00000,0x00000000d5dfcf60,0x00000000d5e00000)
  to   space 2560K, 0% used [0x00000000d5f00000,0x00000000d5f00000,0x00000000d6180000)
 ParOldGen       total 184832K, used 184455K [0x0000000080000000, 0x000000008b480000, 0x00000000d5580000)
  object space 184832K, 99% used [0x0000000080000000,0x000000008b421d30,0x000000008b480000)
 Metaspace       used 51039K, committed 52288K, reserved 1114112K
  class space    used 5436K, committed 5952K, reserved 1048576K
}
Event: 18.227 GC heap before
{Heap before GC invocations=90 (full 2):
 PSYoungGen      total 8192K, used 8179K [0x00000000d5580000, 0x00000000d6180000, 0x0000000100000000)
  eden space 7168K, 100% used [0x00000000d5580000,0x00000000d5c80000,0x00000000d5c80000)
  from space 1024K, 98% used [0x00000000d5d00000,0x00000000d5dfcf60,0x00000000d5e00000)
  to   space 2560K, 0% used [0x00000000d5f00000,0x00000000d5f00000,0x00000000d6180000)
 ParOldGen       total 184832K, used 184455K [0x0000000080000000, 0x000000008b480000, 0x00000000d5580000)
  object space 184832K, 99% used [0x0000000080000000,0x000000008b421d30,0x000000008b480000)
 Metaspace       used 51385K, committed 52608K, reserved 1114112K
  class space    used 5491K, committed 6016K, reserved 1048576K
}
Event: 18.231 GC heap after
{Heap after GC invocations=90 (full 2):
 PSYoungGen      total 8704K, used 1223K [0x00000000d5580000, 0x00000000d6080000, 0x0000000100000000)
  eden space 7168K, 0% used [0x00000000d5580000,0x00000000d5580000,0x00000000d5c80000)
  from space 1536K, 79% used [0x00000000d5f00000,0x00000000d6031ef8,0x00000000d6080000)
  to   space 1536K, 0% used [0x00000000d5d80000,0x00000000d5d80000,0x00000000d5f00000)
 ParOldGen       total 185856K, used 185432K [0x0000000080000000, 0x000000008b580000, 0x00000000d5580000)
  object space 185856K, 99% used [0x0000000080000000,0x000000008b516208,0x000000008b580000)
 Metaspace       used 51385K, committed 52608K, reserved 1114112K
  class space    used 5491K, committed 6016K, reserved 1048576K
}
Event: 18.468 GC heap before
{Heap before GC invocations=91 (full 2):
 PSYoungGen      total 8704K, used 8366K [0x00000000d5580000, 0x00000000d6080000, 0x0000000100000000)
  eden space 7168K, 99% used [0x00000000d5580000,0x00000000d5c79b28,0x00000000d5c80000)
  from space 1536K, 79% used [0x00000000d5f00000,0x00000000d6031ef8,0x00000000d6080000)
  to   space 1536K, 0% used [0x00000000d5d80000,0x00000000d5d80000,0x00000000d5f00000)
 ParOldGen       total 185856K, used 185432K [0x0000000080000000, 0x000000008b580000, 0x00000000d5580000)
  object space 185856K, 99% used [0x0000000080000000,0x000000008b516208,0x000000008b580000)
 Metaspace       used 52080K, committed 53312K, reserved 1114112K
  class space    used 5604K, committed 6144K, reserved 1048576K
}
Event: 18.471 GC heap after
{Heap after GC invocations=91 (full 2):
 PSYoungGen      total 7680K, used 441K [0x00000000d5580000, 0x00000000d5f80000, 0x0000000100000000)
  eden space 7168K, 0% used [0x00000000d5580000,0x00000000d5580000,0x00000000d5c80000)
  from space 512K, 86% used [0x00000000d5d80000,0x00000000d5dee618,0x00000000d5e00000)
  to   space 1024K, 0% used [0x00000000d5e80000,0x00000000d5e80000,0x00000000d5f80000)
 ParOldGen       total 186880K, used 186496K [0x0000000080000000, 0x000000008b680000, 0x00000000d5580000)
  object space 186880K, 99% used [0x0000000080000000,0x000000008b6202f8,0x000000008b680000)
 Metaspace       used 52080K, committed 53312K, reserved 1114112K
  class space    used 5604K, committed 6144K, reserved 1048576K
}
Event: 18.667 GC heap before
{Heap before GC invocations=92 (full 2):
 PSYoungGen      total 7680K, used 7609K [0x00000000d5580000, 0x00000000d5f80000, 0x0000000100000000)
  eden space 7168K, 100% used [0x00000000d5580000,0x00000000d5c80000,0x00000000d5c80000)
  from space 512K, 86% used [0x00000000d5d80000,0x00000000d5dee618,0x00000000d5e00000)
  to   space 1024K, 0% used [0x00000000d5e80000,0x00000000d5e80000,0x00000000d5f80000)
 ParOldGen       total 186880K, used 186496K [0x0000000080000000, 0x000000008b680000, 0x00000000d5580000)
  object space 186880K, 99% used [0x0000000080000000,0x000000008b6202f8,0x000000008b680000)
 Metaspace       used 52293K, committed 53568K, reserved 1114112K
  class space    used 5635K, committed 6144K, reserved 1048576K
}
Event: 18.670 GC heap after
{Heap after GC invocations=92 (full 2):
 PSYoungGen      total 8192K, used 1022K [0x00000000d5580000, 0x00000000d5f80000, 0x0000000100000000)
  eden space 7168K, 0% used [0x00000000d5580000,0x00000000d5580000,0x00000000d5c80000)
  from space 1024K, 99% used [0x00000000d5e80000,0x00000000d5f7f858,0x00000000d5f80000)
  to   space 512K, 0% used [0x00000000d5d80000,0x00000000d5d80000,0x00000000d5e00000)
 ParOldGen       total 189440K, used 189180K [0x0000000080000000, 0x000000008b900000, 0x00000000d5580000)
  object space 189440K, 99% used [0x0000000080000000,0x000000008b8bf250,0x000000008b900000)
 Metaspace       used 52293K, committed 53568K, reserved 1114112K
  class space    used 5635K, committed 6144K, reserved 1048576K
}

Dll operation events (10 events):
Event: 0.018 Loaded shared library c:\Users\arnab bandyopadhyay\.vscode\extensions\redhat.java-1.43.1-win32-x64\jre\21.0.7-win32-x86_64\bin\java.dll
Event: 0.165 Loaded shared library c:\Users\arnab bandyopadhyay\.vscode\extensions\redhat.java-1.43.1-win32-x64\jre\21.0.7-win32-x86_64\bin\zip.dll
Event: 0.200 Loaded shared library C:\Users\arnab bandyopadhyay\.vscode\extensions\redhat.java-1.43.1-win32-x64\jre\21.0.7-win32-x86_64\bin\instrument.dll
Event: 0.220 Loaded shared library C:\Users\arnab bandyopadhyay\.vscode\extensions\redhat.java-1.43.1-win32-x64\jre\21.0.7-win32-x86_64\bin\net.dll
Event: 0.222 Loaded shared library C:\Users\arnab bandyopadhyay\.vscode\extensions\redhat.java-1.43.1-win32-x64\jre\21.0.7-win32-x86_64\bin\nio.dll
Event: 0.227 Loaded shared library C:\Users\arnab bandyopadhyay\.vscode\extensions\redhat.java-1.43.1-win32-x64\jre\21.0.7-win32-x86_64\bin\zip.dll
Event: 0.263 Loaded shared library C:\Users\arnab bandyopadhyay\.vscode\extensions\redhat.java-1.43.1-win32-x64\jre\21.0.7-win32-x86_64\bin\jimage.dll
Event: 0.377 Loaded shared library c:\Users\arnab bandyopadhyay\.vscode\extensions\redhat.java-1.43.1-win32-x64\jre\21.0.7-win32-x86_64\bin\verify.dll
Event: 2.213 Loaded shared library C:\Users\arnab bandyopadhyay\AppData\Roaming\Code\User\globalStorage\redhat.java\1.43.1\config_win\org.eclipse.equinox.launcher\org.eclipse.equinox.launcher.win32.win32.x86_64_1.2.1300.v20250331-1702\eclipse_11911.dll
Event: 5.246 Loaded shared library C:\Users\arnab bandyopadhyay\AppData\Local\Temp\jna--941986737\jna9902559735913076468.dll

Deoptimization events (20 events):
Event: 18.682 Thread 0x0000017d4659ca40 Uncommon trap: trap_request=0xffffff45 fr.pc=0x0000017d7196a3c8 relative=0x00000000000000a8
Event: 18.682 Thread 0x0000017d4659ca40 Uncommon trap: reason=unstable_if action=reinterpret pc=0x0000017d7196a3c8 method=java.lang.String.isLatin1()Z @ 10 c2
Event: 18.682 Thread 0x0000017d4659ca40 DEOPT PACKING pc=0x0000017d7196a3c8 sp=0x0000007909afd670
Event: 18.682 Thread 0x0000017d4659ca40 DEOPT UNPACKING pc=0x0000017d71416da2 sp=0x0000007909afd5a0 mode 2
Event: 18.682 Thread 0x0000017d4659ca40 Uncommon trap: trap_request=0xffffff45 fr.pc=0x0000017d71c29900 relative=0x0000000000000300
Event: 18.682 Thread 0x0000017d4659ca40 Uncommon trap: reason=unstable_if action=reinterpret pc=0x0000017d71c29900 method=jdk.internal.util.ArraysSupport.vectorizedHashCode(Ljava/lang/Object;IIII)I @ 61 c2
Event: 18.682 Thread 0x0000017d4659ca40 DEOPT PACKING pc=0x0000017d71c29900 sp=0x0000007909afd570
Event: 18.682 Thread 0x0000017d4659ca40 DEOPT UNPACKING pc=0x0000017d71416da2 sp=0x0000007909afd520 mode 2
Event: 18.682 Thread 0x0000017d4659ca40 Uncommon trap: trap_request=0xffffff45 fr.pc=0x0000017d71a449bc relative=0x000000000000017c
Event: 18.682 Thread 0x0000017d4659ca40 Uncommon trap: reason=unstable_if action=reinterpret pc=0x0000017d71a449bc method=java.util.zip.ZipFile$Source.isMetaName([BII)Z @ 57 c2
Event: 18.682 Thread 0x0000017d4659ca40 DEOPT PACKING pc=0x0000017d71a449bc sp=0x0000007909afd880
Event: 18.682 Thread 0x0000017d4659ca40 DEOPT UNPACKING pc=0x0000017d71416da2 sp=0x0000007909afd810 mode 2
Event: 18.695 Thread 0x0000017d454983f0 Uncommon trap: trap_request=0xffffff45 fr.pc=0x0000017d71d2e6d8 relative=0x0000000000000e18
Event: 18.695 Thread 0x0000017d454983f0 Uncommon trap: reason=unstable_if action=reinterpret pc=0x0000017d71d2e6d8 method=org.eclipse.jdt.internal.compiler.classfmt.FieldInfo.createField([B[IIJ)Lorg/eclipse/jdt/internal/compiler/classfmt/FieldInfo; @ 167 c2
Event: 18.695 Thread 0x0000017d454983f0 DEOPT PACKING pc=0x0000017d71d2e6d8 sp=0x0000007909dfe970
Event: 18.695 Thread 0x0000017d454983f0 DEOPT UNPACKING pc=0x0000017d71416da2 sp=0x0000007909dfe8d8 mode 2
Event: 18.703 Thread 0x0000017d4659ca40 DEOPT PACKING pc=0x0000017d6a4cf039 sp=0x0000007909afdc90
Event: 18.703 Thread 0x0000017d4659ca40 DEOPT UNPACKING pc=0x0000017d714178e2 sp=0x0000007909afd190 mode 0
Event: 18.703 Thread 0x0000017d4659ca40 DEOPT PACKING pc=0x0000017d6a933946 sp=0x0000007909afd740
Event: 18.703 Thread 0x0000017d4659ca40 DEOPT UNPACKING pc=0x0000017d714178e2 sp=0x0000007909afccc0 mode 0

Classes loaded (20 events):
Event: 16.367 Loading class java/nio/file/PathMatcher done
Event: 16.367 Loading class sun/nio/fs/WindowsFileSystem$2 done
Event: 16.386 Loading class java/nio/file/FileChannelLinesSpliterator
Event: 16.386 Loading class java/nio/file/FileChannelLinesSpliterator done
Event: 16.387 Loading class java/util/stream/Streams$1
Event: 16.387 Loading class java/util/stream/Streams$1 done
Event: 16.387 Loading class java/nio/file/FileChannelLinesSpliterator$1
Event: 16.387 Loading class java/nio/file/FileChannelLinesSpliterator$1 done
Event: 16.744 Loading class java/util/concurrent/CopyOnWriteArraySet
Event: 16.744 Loading class java/util/concurrent/CopyOnWriteArraySet done
Event: 18.247 Loading class java/util/concurrent/ArrayBlockingQueue
Event: 18.250 Loading class java/util/concurrent/ArrayBlockingQueue done
Event: 18.382 Loading class java/net/HttpURLConnection
Event: 18.382 Loading class java/net/HttpURLConnection done
Event: 18.407 Loading class java/io/FileFilter
Event: 18.408 Loading class java/io/FileFilter done
Event: 18.501 Loading class java/util/concurrent/ConcurrentHashMap$ValueSpliterator
Event: 18.501 Loading class java/util/concurrent/ConcurrentHashMap$ValueSpliterator done
Event: 18.502 Loading class jdk/internal/loader/BootLoader$PackageHelper
Event: 18.502 Loading class jdk/internal/loader/BootLoader$PackageHelper done

Classes unloaded (7 events):
Event: 6.002 Thread 0x0000017d66d5e580 Unloading class 0x0000017d011a4800 'java/lang/invoke/LambdaForm$MH+0x0000017d011a4800'
Event: 6.002 Thread 0x0000017d66d5e580 Unloading class 0x0000017d011a4400 'java/lang/invoke/LambdaForm$MH+0x0000017d011a4400'
Event: 6.002 Thread 0x0000017d66d5e580 Unloading class 0x0000017d011a4000 'java/lang/invoke/LambdaForm$MH+0x0000017d011a4000'
Event: 6.002 Thread 0x0000017d66d5e580 Unloading class 0x0000017d011a3c00 'java/lang/invoke/LambdaForm$MH+0x0000017d011a3c00'
Event: 6.002 Thread 0x0000017d66d5e580 Unloading class 0x0000017d011a3800 'java/lang/invoke/LambdaForm$BMH+0x0000017d011a3800'
Event: 6.002 Thread 0x0000017d66d5e580 Unloading class 0x0000017d011a3400 'java/lang/invoke/LambdaForm$DMH+0x0000017d011a3400'
Event: 6.002 Thread 0x0000017d66d5e580 Unloading class 0x0000017d011a2000 'java/lang/invoke/LambdaForm$DMH+0x0000017d011a2000'

Classes redefined (0 events):
No events

Internal exceptions (20 events):
Event: 10.549 Thread 0x0000017d4549a4c0 Exception <a 'sun/nio/fs/WindowsException'{0x00000000d61de5a8}> (0x00000000d61de5a8) 
thrown [s\src\hotspot\share\prims\jni.cpp, line 520]
Event: 10.549 Thread 0x0000017d4549a4c0 Exception <a 'sun/nio/fs/WindowsException'{0x00000000d61dee88}> (0x00000000d61dee88) 
thrown [s\src\hotspot\share\prims\jni.cpp, line 520]
Event: 10.576 Thread 0x0000017d4549a4c0 Exception <a 'java/io/FileNotFoundException'{0x00000000d65b5eb8}> (0x00000000d65b5eb8) 
thrown [s\src\hotspot\share\prims\jni.cpp, line 520]
Event: 10.576 Thread 0x0000017d4549a4c0 Exception <a 'java/io/FileNotFoundException'{0x00000000d65b6f20}> (0x00000000d65b6f20) 
thrown [s\src\hotspot\share\prims\jni.cpp, line 520]
Event: 10.577 Thread 0x0000017d4549a4c0 Exception <a 'java/io/FileNotFoundException'{0x00000000d65dde98}> (0x00000000d65dde98) 
thrown [s\src\hotspot\share\prims\jni.cpp, line 520]
Event: 10.577 Thread 0x0000017d4549a4c0 Exception <a 'java/io/FileNotFoundException'{0x00000000d65df1c8}> (0x00000000d65df1c8) 
thrown [s\src\hotspot\share\prims\jni.cpp, line 520]
Event: 10.577 Thread 0x0000017d4549a4c0 Exception <a 'java/io/FileNotFoundException'{0x00000000d65e0250}> (0x00000000d65e0250) 
thrown [s\src\hotspot\share\prims\jni.cpp, line 520]
Event: 11.012 Thread 0x0000017d4549a4c0 Exception <a 'sun/nio/fs/WindowsException'{0x00000000d57e1200}> (0x00000000d57e1200) 
thrown [s\src\hotspot\share\prims\jni.cpp, line 520]
Event: 11.012 Thread 0x0000017d4549a4c0 Exception <a 'sun/nio/fs/WindowsException'{0x00000000d57e1830}> (0x00000000d57e1830) 
thrown [s\src\hotspot\share\prims\jni.cpp, line 520]
Event: 11.068 Thread 0x0000017d454983f0 Implicit null exception at 0x0000017d71c5b9da to 0x0000017d71c5bad8
Event: 13.013 Thread 0x0000017d454983f0 Implicit null exception at 0x0000017d71d410d8 to 0x0000017d71d467e0
Event: 16.060 Thread 0x0000017d4659a2e0 Exception <a 'java/lang/NoSuchMethodError'{0x00000000d5611c58}: 'int java.lang.invoke.DirectMethodHandle$Holder.invokeSpecialIFC(java.lang.Object, java.lang.Object, java.lang.Object, java.lang.Object)'> (0x00000000d5611c58) 
thrown [s\src\hotspot\share\interpreter\linkResolver.cpp, line 773]
Event: 16.073 Thread 0x0000017d4659a2e0 Implicit null exception at 0x0000017d71da424a to 0x0000017d71da546c
Event: 16.145 Thread 0x0000017d4659a2e0 Exception <a 'java/lang/NoSuchMethodError'{0x00000000d5884650}: 'int java.lang.invoke.DirectMethodHandle$Holder.invokeInterface(java.lang.Object, java.lang.Object)'> (0x00000000d5884650) 
thrown [s\src\hotspot\share\interpreter\linkResolver.cpp, line 773]
Event: 16.146 Thread 0x0000017d4659a2e0 Exception <a 'java/lang/IncompatibleClassChangeError'{0x00000000d5888208}: Found class java.lang.Object, but interface was expected> (0x00000000d5888208) 
thrown [s\src\hotspot\share\interpreter\linkResolver.cpp, line 840]
Event: 16.167 Thread 0x0000017d4659a2e0 Exception <a 'java/lang/NoSuchMethodError'{0x00000000d5988588}: method resolution failed> (0x00000000d5988588) 
thrown [s\src\hotspot\share\prims\methodHandles.cpp, line 1144]
Event: 16.367 Thread 0x0000017d4659a2e0 Exception <a 'sun/nio/fs/WindowsException'{0x00000000d5be79c8}> (0x00000000d5be79c8) 
thrown [s\src\hotspot\share\prims\jni.cpp, line 520]
Event: 16.367 Thread 0x0000017d4659a2e0 Exception <a 'sun/nio/fs/WindowsException'{0x00000000d5be81b8}> (0x00000000d5be81b8) 
thrown [s\src\hotspot\share\prims\jni.cpp, line 520]
Event: 16.746 Thread 0x0000017d4659a2e0 Exception <a 'java/lang/NoSuchMethodError'{0x00000000d5a97dd8}: 'java.lang.Object java.lang.invoke.DirectMethodHandle$Holder.invokeVirtual(java.lang.Object, java.lang.Object, java.lang.Object, java.lang.Object)'> (0x00000000d5a97dd8) 
thrown [s\src\hotspot\share\interpreter\linkResolver.cpp, line 773]
Event: 16.748 Thread 0x0000017d4659a2e0 Exception <a 'java/lang/NoSuchMethodError'{0x00000000d5abb4b0}: 'java.lang.Object java.lang.invoke.DirectMethodHandle$Holder.invokeVirtual(java.lang.Object, java.lang.Object, java.lang.Object, java.lang.Object, java.lang.Object)'> (0x00000000d5abb4b0) 
thrown [s\src\hotspot\share\interpreter\linkResolver.cpp, line 773]

ZGC Phase Switch (0 events):
No events

VM Operations (20 events):
Event: 15.835 Executing VM operation: HandshakeAllThreads (Deoptimize)
Event: 15.836 Executing VM operation: HandshakeAllThreads (Deoptimize) done
Event: 15.888 Executing VM operation: ParallelGCFailedAllocation (Allocation Failure)
Event: 15.891 Executing VM operation: ParallelGCFailedAllocation (Allocation Failure) done
Event: 16.042 Executing VM operation: ParallelGCFailedAllocation (Allocation Failure)
Event: 16.049 Executing VM operation: ParallelGCFailedAllocation (Allocation Failure) done
Event: 16.392 Executing VM operation: ParallelGCFailedAllocation (Allocation Failure)
Event: 16.397 Executing VM operation: ParallelGCFailedAllocation (Allocation Failure) done
Event: 16.661 Executing VM operation: ParallelGCFailedAllocation (Allocation Failure)
Event: 16.691 Executing VM operation: ParallelGCFailedAllocation (Allocation Failure) done
Event: 16.727 Executing VM operation: ParallelGCFailedAllocation (Allocation Failure)
Event: 16.729 Executing VM operation: ParallelGCFailedAllocation (Allocation Failure) done
Event: 16.775 Executing VM operation: ParallelGCFailedAllocation (Allocation Failure)
Event: 18.232 Executing VM operation: ParallelGCFailedAllocation (Allocation Failure) done
Event: 18.413 Executing VM operation: ParallelGCFailedAllocation (Allocation Failure)
Event: 18.471 Executing VM operation: ParallelGCFailedAllocation (Allocation Failure) done
Event: 18.484 Executing VM operation: HandshakeAllThreads (Deoptimize)
Event: 18.496 Executing VM operation: HandshakeAllThreads (Deoptimize) done
Event: 18.654 Executing VM operation: ParallelGCFailedAllocation (Allocation Failure)
Event: 18.670 Executing VM operation: ParallelGCFailedAllocation (Allocation Failure) done

Memory protections (0 events):
No events

Nmethod flushes (20 events):
Event: 8.430 Thread 0x0000017d66d5e580 flushing  nmethod 0x0000017d6a4deb90
Event: 8.430 Thread 0x0000017d66d5e580 flushing  nmethod 0x0000017d6a50fe10
Event: 8.430 Thread 0x0000017d66d5e580 flushing  nmethod 0x0000017d6a510110
Event: 8.430 Thread 0x0000017d66d5e580 flushing  nmethod 0x0000017d6a538e90
Event: 8.430 Thread 0x0000017d66d5e580 flushing  nmethod 0x0000017d6a539290
Event: 8.430 Thread 0x0000017d66d5e580 flushing  nmethod 0x0000017d6a53a990
Event: 8.430 Thread 0x0000017d66d5e580 flushing  nmethod 0x0000017d6a53b290
Event: 8.430 Thread 0x0000017d66d5e580 flushing  nmethod 0x0000017d6a53c490
Event: 8.430 Thread 0x0000017d66d5e580 flushing  nmethod 0x0000017d6a53cc90
Event: 8.430 Thread 0x0000017d66d5e580 flushing  nmethod 0x0000017d6a53ed90
Event: 8.430 Thread 0x0000017d66d5e580 flushing  nmethod 0x0000017d6a53f690
Event: 8.430 Thread 0x0000017d66d5e580 flushing  nmethod 0x0000017d6a540790
Event: 8.430 Thread 0x0000017d66d5e580 flushing  nmethod 0x0000017d6a540c10
Event: 8.430 Thread 0x0000017d66d5e580 flushing  nmethod 0x0000017d6a542510
Event: 8.430 Thread 0x0000017d66d5e580 flushing  nmethod 0x0000017d6a543990
Event: 8.430 Thread 0x0000017d66d5e580 flushing  nmethod 0x0000017d6a599890
Event: 8.430 Thread 0x0000017d66d5e580 flushing  nmethod 0x0000017d6a5e4710
Event: 8.430 Thread 0x0000017d66d5e580 flushing  nmethod 0x0000017d6a609910
Event: 8.430 Thread 0x0000017d66d5e580 flushing  nmethod 0x0000017d6a622110
Event: 8.430 Thread 0x0000017d66d5e580 flushing  nmethod 0x0000017d6a644f90

Events (20 events):
Event: 7.092 Thread 0x0000017d45497d60 Thread added: 0x0000017d454976d0
Event: 7.248 Thread 0x0000017d4504fef0 Thread added: 0x0000017d454983f0
Event: 8.083 Thread 0x0000017d45497d60 Thread added: 0x0000017d45498a80
Event: 8.096 Thread 0x0000017d45498a80 Thread added: 0x0000017d4659a2e0
Event: 8.237 Thread 0x0000017d66c9dc00 Thread added: 0x0000017d4659bd20
Event: 8.248 Thread 0x0000017d66c9dc00 Thread added: 0x0000017d4659a970
Event: 8.248 Thread 0x0000017d66c9dc00 Thread added: 0x0000017d46596140
Event: 8.248 Thread 0x0000017d66c9dc00 Thread added: 0x0000017d46596e60
Event: 8.248 Thread 0x0000017d66c9dc00 Thread added: 0x0000017d46595ab0
Event: 8.248 Thread 0x0000017d66c9dc00 Thread added: 0x0000017d4659c3b0
Event: 8.248 Thread 0x0000017d66c9dc00 Thread added: 0x0000017d465988a0
Event: 8.249 Thread 0x0000017d66c9dc00 Thread added: 0x0000017d46599c50
Event: 8.249 Thread 0x0000017d66c9dc00 Thread added: 0x0000017d46598f30
Event: 8.272 Thread 0x0000017d66c9dc00 Thread added: 0x0000017d465974f0
Event: 8.599 Thread 0x0000017d66c9dc00 Thread added: 0x0000017d46598210
Event: 8.599 Thread 0x0000017d66c9dc00 Thread added: 0x0000017d465995c0
Event: 10.978 Thread 0x0000017d4526ad20 Thread exited: 0x0000017d4526ad20
Event: 14.517 Thread 0x0000017d4671fd10 Thread exited: 0x0000017d4671fd10
Event: 16.577 Thread 0x0000017d4659a2e0 Thread added: 0x0000017d4659b690
Event: 18.317 Thread 0x0000017d4659a2e0 Thread added: 0x0000017d4659ca40


Dynamic libraries:
0x00007ff7a4ab0000 - 0x00007ff7a4abe000 	c:\Users\arnab bandyopadhyay\.vscode\extensions\redhat.java-1.43.1-win32-x64\jre\21.0.7-win32-x86_64\bin\java.exe
0x00007ffd9aa70000 - 0x00007ffd9ac87000 	C:\WINDOWS\SYSTEM32\ntdll.dll
0x00007ffd99000000 - 0x00007ffd990c4000 	C:\WINDOWS\System32\KERNEL32.DLL
0x00007ffd97cd0000 - 0x00007ffd980a2000 	C:\WINDOWS\System32\KERNELBASE.dll
0x00007ffd981e0000 - 0x00007ffd982f1000 	C:\WINDOWS\System32\ucrtbase.dll
0x00007ffd6f270000 - 0x00007ffd6f288000 	c:\Users\arnab bandyopadhyay\.vscode\extensions\redhat.java-1.43.1-win32-x64\jre\21.0.7-win32-x86_64\bin\jli.dll
0x00007ffd990e0000 - 0x00007ffd99291000 	C:\WINDOWS\System32\USER32.dll
0x00007ffd98300000 - 0x00007ffd98326000 	C:\WINDOWS\System32\win32u.dll
0x00007ffd9a220000 - 0x00007ffd9a249000 	C:\WINDOWS\System32\GDI32.dll
0x00007ffd980b0000 - 0x00007ffd981d3000 	C:\WINDOWS\System32\gdi32full.dll
0x00007ffd98470000 - 0x00007ffd9850a000 	C:\WINDOWS\System32\msvcp_win.dll
0x00007ffd6efd0000 - 0x00007ffd6efee000 	c:\Users\arnab bandyopadhyay\.vscode\extensions\redhat.java-1.43.1-win32-x64\jre\21.0.7-win32-x86_64\bin\VCRUNTIME140.dll
0x00007ffd7aa00000 - 0x00007ffd7ac9b000 	C:\WINDOWS\WinSxS\amd64_microsoft.windows.common-controls_6595b64144ccf1df_6.0.22621.5547_none_27104afb73855772\COMCTL32.dll
0x00007ffd9a980000 - 0x00007ffd9aa27000 	C:\WINDOWS\System32\msvcrt.dll
0x00007ffd99930000 - 0x00007ffd99961000 	C:\WINDOWS\System32\IMM32.DLL
0x00007ffd7c9f0000 - 0x00007ffd7c9fc000 	c:\Users\arnab bandyopadhyay\.vscode\extensions\redhat.java-1.43.1-win32-x64\jre\21.0.7-win32-x86_64\bin\vcruntime140_1.dll
0x00007ffd55be0000 - 0x00007ffd55c6d000 	c:\Users\arnab bandyopadhyay\.vscode\extensions\redhat.java-1.43.1-win32-x64\jre\21.0.7-win32-x86_64\bin\msvcp140.dll
0x00007ffd1bfa0000 - 0x00007ffd1cd30000 	c:\Users\arnab bandyopadhyay\.vscode\extensions\redhat.java-1.43.1-win32-x64\jre\21.0.7-win32-x86_64\bin\server\jvm.dll
0x00007ffd98ba0000 - 0x00007ffd98c51000 	C:\WINDOWS\System32\ADVAPI32.dll
0x00007ffd98990000 - 0x00007ffd98a38000 	C:\WINDOWS\System32\sechost.dll
0x00007ffd98510000 - 0x00007ffd98538000 	C:\WINDOWS\System32\bcrypt.dll
0x00007ffd9a860000 - 0x00007ffd9a974000 	C:\WINDOWS\System32\RPCRT4.dll
0x00007ffd998a0000 - 0x00007ffd99911000 	C:\WINDOWS\System32\WS2_32.dll
0x00007ffd90a70000 - 0x00007ffd90aa4000 	C:\WINDOWS\SYSTEM32\WINMM.dll
0x00007ffd97980000 - 0x00007ffd979cd000 	C:\WINDOWS\SYSTEM32\POWRPROF.dll
0x00007ffd908c0000 - 0x00007ffd908ca000 	C:\WINDOWS\SYSTEM32\VERSION.dll
0x00007ffd97960000 - 0x00007ffd97973000 	C:\WINDOWS\SYSTEM32\UMPDC.dll
0x00007ffd96b70000 - 0x00007ffd96b88000 	C:\WINDOWS\SYSTEM32\kernel.appcore.dll
0x00007ffd7c920000 - 0x00007ffd7c92a000 	c:\Users\arnab bandyopadhyay\.vscode\extensions\redhat.java-1.43.1-win32-x64\jre\21.0.7-win32-x86_64\bin\jimage.dll
0x00007ffd95700000 - 0x00007ffd95933000 	C:\WINDOWS\SYSTEM32\DBGHELP.DLL
0x00007ffd98c60000 - 0x00007ffd98ff3000 	C:\WINDOWS\System32\combase.dll
0x00007ffd988b0000 - 0x00007ffd98987000 	C:\WINDOWS\System32\OLEAUT32.dll
0x00007ffd7a7a0000 - 0x00007ffd7a7d2000 	C:\WINDOWS\SYSTEM32\dbgcore.DLL
0x00007ffd98680000 - 0x00007ffd986fb000 	C:\WINDOWS\System32\bcryptPrimitives.dll
0x00007ffd7c970000 - 0x00007ffd7c97f000 	c:\Users\arnab bandyopadhyay\.vscode\extensions\redhat.java-1.43.1-win32-x64\jre\21.0.7-win32-x86_64\bin\instrument.dll
0x00007ffd6e6a0000 - 0x00007ffd6e6bf000 	c:\Users\arnab bandyopadhyay\.vscode\extensions\redhat.java-1.43.1-win32-x64\jre\21.0.7-win32-x86_64\bin\java.dll
0x00007ffd99970000 - 0x00007ffd9a212000 	C:\WINDOWS\System32\SHELL32.dll
0x00007ffd98330000 - 0x00007ffd9846f000 	C:\WINDOWS\System32\wintypes.dll
0x00007ffd95a40000 - 0x00007ffd9635d000 	C:\WINDOWS\SYSTEM32\windows.storage.dll
0x00007ffd98a90000 - 0x00007ffd98b9c000 	C:\WINDOWS\System32\SHCORE.dll
0x00007ffd99320000 - 0x00007ffd99389000 	C:\WINDOWS\System32\shlwapi.dll
0x00007ffd97a90000 - 0x00007ffd97abb000 	C:\WINDOWS\SYSTEM32\profapi.dll
0x00007ffd6e350000 - 0x00007ffd6e368000 	c:\Users\arnab bandyopadhyay\.vscode\extensions\redhat.java-1.43.1-win32-x64\jre\21.0.7-win32-x86_64\bin\zip.dll
0x00007ffd7c880000 - 0x00007ffd7c890000 	C:\Users\arnab bandyopadhyay\.vscode\extensions\redhat.java-1.43.1-win32-x64\jre\21.0.7-win32-x86_64\bin\net.dll
0x00007ffd942c0000 - 0x00007ffd943ec000 	C:\WINDOWS\SYSTEM32\WINHTTP.dll
0x00007ffd97010000 - 0x00007ffd97079000 	C:\WINDOWS\system32\mswsock.dll
0x00007ffd6add0000 - 0x00007ffd6ade6000 	C:\Users\arnab bandyopadhyay\.vscode\extensions\redhat.java-1.43.1-win32-x64\jre\21.0.7-win32-x86_64\bin\nio.dll
0x00007ffd78bc0000 - 0x00007ffd78bd0000 	c:\Users\arnab bandyopadhyay\.vscode\extensions\redhat.java-1.43.1-win32-x64\jre\21.0.7-win32-x86_64\bin\verify.dll
0x00007ffd60330000 - 0x00007ffd60375000 	C:\Users\arnab bandyopadhyay\AppData\Roaming\Code\User\globalStorage\redhat.java\1.43.1\config_win\org.eclipse.equinox.launcher\org.eclipse.equinox.launcher.win32.win32.x86_64_1.2.1300.v20250331-1702\eclipse_11911.dll
0x00007ffd9a4b0000 - 0x00007ffd9a650000 	C:\WINDOWS\System32\ole32.dll
0x00007ffd97260000 - 0x00007ffd9727b000 	C:\WINDOWS\SYSTEM32\CRYPTSP.dll
0x00007ffd96ad0000 - 0x00007ffd96b07000 	C:\WINDOWS\system32\rsaenh.dll
0x00007ffd97100000 - 0x00007ffd97128000 	C:\WINDOWS\SYSTEM32\USERENV.dll
0x00007ffd97280000 - 0x00007ffd9728c000 	C:\WINDOWS\SYSTEM32\CRYPTBASE.dll
0x00007ffd96600000 - 0x00007ffd9662d000 	C:\WINDOWS\SYSTEM32\IPHLPAPI.DLL
0x00007ffd990d0000 - 0x00007ffd990d9000 	C:\WINDOWS\System32\NSI.dll
0x00007ffd60080000 - 0x00007ffd600c9000 	C:\Users\arnab bandyopadhyay\AppData\Local\Temp\jna--941986737\jna9902559735913076468.dll
0x00007ffd99890000 - 0x00007ffd99898000 	C:\WINDOWS\System32\PSAPI.DLL
0x00007ffd90d50000 - 0x00007ffd90d69000 	C:\WINDOWS\SYSTEM32\dhcpcsvc6.DLL
0x00007ffd90d30000 - 0x00007ffd90d4f000 	C:\WINDOWS\SYSTEM32\dhcpcsvc.DLL

dbghelp: loaded successfully - version: 4.0.5 - missing functions: none
symbol engine: initialized successfully - sym options: 0x614 - pdb path: .;c:\Users\arnab bandyopadhyay\.vscode\extensions\redhat.java-1.43.1-win32-x64\jre\21.0.7-win32-x86_64\bin;C:\WINDOWS\SYSTEM32;C:\WINDOWS\WinSxS\amd64_microsoft.windows.common-controls_6595b64144ccf1df_6.0.22621.5547_none_27104afb73855772;c:\Users\arnab bandyopadhyay\.vscode\extensions\redhat.java-1.43.1-win32-x64\jre\21.0.7-win32-x86_64\bin\server;C:\Users\arnab bandyopadhyay\AppData\Roaming\Code\User\globalStorage\redhat.java\1.43.1\config_win\org.eclipse.equinox.launcher\org.eclipse.equinox.launcher.win32.win32.x86_64_1.2.1300.v20250331-1702;C:\Users\arnab bandyopadhyay\AppData\Local\Temp\jna--941986737

VM Arguments:
jvm_args: --add-modules=ALL-SYSTEM --add-opens=java.base/java.util=ALL-UNNAMED --add-opens=java.base/java.lang=ALL-UNNAMED --add-opens=java.base/sun.nio.fs=ALL-UNNAMED -Declipse.application=org.eclipse.jdt.ls.core.id1 -Dosgi.bundles.defaultStartLevel=4 -Declipse.product=org.eclipse.jdt.ls.core.product -Djava.import.generatesMetadataFilesAtProjectRoot=false -DDetectVMInstallationsJob.disabled=true -Dfile.encoding=utf8 -XX:+UseParallelGC -XX:GCTimeRatio=4 -XX:AdaptiveSizePolicyWeight=90 -Dsun.zip.disableMemoryMapping=true -Xmx2G -Xms100m -Xlog:disable -javaagent:c:\Users\arnab bandyopadhyay\.vscode\extensions\redhat.java-1.43.1-win32-x64\lombok\lombok-1.18.39-4050.jar -XX:+HeapDumpOnOutOfMemoryError -XX:HeapDumpPath=c:\Users\arnab bandyopadhyay\AppData\Roaming\Code\User\workspaceStorage\e580bcd81b936e536e891235020ce0da\redhat.java -Daether.dependencyCollector.impl=bf 
java_command: c:\Users\arnab bandyopadhyay\.vscode\extensions\redhat.java-1.43.1-win32-x64\server\plugins\org.eclipse.equinox.launcher_1.7.0.v20250519-0528.jar -configuration c:\Users\arnab bandyopadhyay\AppData\Roaming\Code\User\globalStorage\redhat.java\1.43.1\config_win -data c:\Users\arnab bandyopadhyay\AppData\Roaming\Code\User\workspaceStorage\e580bcd81b936e536e891235020ce0da\redhat.java\jdt_ws --pipe=\\.\pipe\lsp-767f0ab81b19d2d3ff7375c25c9e5eb5-sock
java_class_path (initial): c:\Users\arnab bandyopadhyay\.vscode\extensions\redhat.java-1.43.1-win32-x64\server\plugins\org.eclipse.equinox.launcher_1.7.0.v20250519-0528.jar
Launcher Type: SUN_STANDARD

[Global flags]
    uintx AdaptiveSizePolicyWeight                 = 90                                        {product} {command line}
     intx CICompilerCount                          = 4                                         {product} {ergonomic}
    uintx GCTimeRatio                              = 4                                         {product} {command line}
     bool HeapDumpOnOutOfMemoryError               = true                                   {manageable} {command line}
    ccstr HeapDumpPath                             = c:\Users\arnab bandyopadhyay\AppData\Roaming\Code\User\workspaceStorage\e580bcd81b936e536e891235020ce0da\redhat.java         {manageable} {command line}
   size_t InitialHeapSize                          = 104857600                                 {product} {command line}
   size_t MaxHeapSize                              = 2147483648                                {product} {command line}
   size_t MaxNewSize                               = 715653120                                 {product} {ergonomic}
   size_t MinHeapDeltaBytes                        = 524288                                    {product} {ergonomic}
   size_t MinHeapSize                              = 104857600                                 {product} {command line}
   size_t NewSize                                  = 34603008                                  {product} {ergonomic}
    uintx NonNMethodCodeHeapSize                   = 5839372                                {pd product} {ergonomic}
    uintx NonProfiledCodeHeapSize                  = 122909434                              {pd product} {ergonomic}
   size_t OldSize                                  = 70254592                                  {product} {ergonomic}
    uintx ProfiledCodeHeapSize                     = 122909434                              {pd product} {ergonomic}
    uintx ReservedCodeCacheSize                    = 251658240                              {pd product} {ergonomic}
     bool SegmentedCodeCache                       = true                                      {product} {ergonomic}
   size_t SoftMaxHeapSize                          = 2147483648                             {manageable} {ergonomic}
     bool UseCompressedOops                        = true                           {product lp64_product} {ergonomic}
     bool UseLargePagesIndividualAllocation        = false                                  {pd product} {ergonomic}
     bool UseParallelGC                            = true                                      {product} {command line}

Logging:
Log output configuration:
 #0: stdout all=off uptime,level,tags foldmultilines=false
 #1: stderr all=off uptime,level,tags foldmultilines=false

Environment Variables:
JAVA_HOME=C:\Program Files\Java\jdk-17
PATH=C:\Program Files\Java\jdk-17;C:\Program Files\Python313\Scripts\;C:\Program Files\Python313\;C:\WINDOWS\system32;C:\WINDOWS;C:\WINDOWS\System32\Wbem;C:\WINDOWS\System32\WindowsPowerShell\v1.0\;C:\WINDOWS\System32\OpenSSH\;C:\MinGW\bin;C:\MinGW\bin;C:\Program Files\Git\cmd;C:\Program Files\Git\bin;C:\Program Files\MongoDB\Server\8.0\bin;C:\Android\platform-tools;C:\Program Files\nodejs\;C:\Program Files\MongoDB\Server\8.0\bin;C:\Program Files\PostgreSQL\17\bin;C:\Program Files\Java\jdk-17\bin;C:\Android\cmdline-tools\latest\bin;C:\Android\build-tools;C:\Users\arnab bandyopadhyay\AppData\Local\Programs\Python\Python311\Scripts\;C:\Users\arnab bandyopadhyay\AppData\Local\Programs\Python\Python311\;C:\Users\arnab bandyopadhyay\AppData\Local\Programs\Python\Launcher\;C:\Users\arnab bandyopadhyay\AppData\Local\Microsoft\WindowsApps;C:\Users\arnab bandyopadhyay\AppData\Local\Programs\Microsoft VS Code\bin;C:\Users\arnab bandyopadhyay\AppData\Local\Programs\mongosh\;C:\Android\cmdline-tools\latest\bin;C:\Android\platform-tools;C:\Android\ndk\27.1.12297006;C:\Users\arnab bandyopadhyay\AppData\Roaming\npm;C:\Android\build-tools;C:\Program Files\PostgreSQL\17\bin;C:\Android\emulator;
USERNAME=arnab bandyopadhyay
OS=Windows_NT
PROCESSOR_IDENTIFIER=Intel64 Family 6 Model 140 Stepping 1, GenuineIntel
TMP=C:\Users\ARNABB~1\AppData\Local\Temp
TEMP=C:\Users\ARNABB~1\AppData\Local\Temp




Periodic native trim disabled

---------------  S Y S T E M  ---------------

OS:
 Windows 11 , 64 bit Build 22621 (10.0.22621.5415)
OS uptime: 0 days 5:18 hours
Hyper-V role detected

CPU: total 8 (initial active 8) (4 cores per cpu, 2 threads per core) family 6 model 140 stepping 1 microcode 0xb4, cx8, cmov, fxsr, ht, mmx, 3dnowpref, sse, sse2, sse3, ssse3, sse4.1, sse4.2, popcnt, lzcnt, tsc, tscinvbit, avx, avx2, aes, erms, clmul, bmi1, bmi2, adx, avx512f, avx512dq, avx512cd, avx512bw, avx512vl, sha, fma, vzeroupper, avx512_vpopcntdq, avx512_vpclmulqdq, avx512_vaes, avx512_vnni, clflush, clflushopt, clwb, avx512_vbmi2, avx512_vbmi, hv, rdtscp, rdpid, fsrm, gfni, avx512_bitalg, f16c, cet_ibt, cet_ss, avx512_ifma
Processor Information for the first 8 processors :
  Max Mhz: 2001, Current Mhz: 2000, Mhz Limit: 1980

Memory: 4k page, system-wide physical 7834M (254M free)
TotalPageFile size 15514M (AvailPageFile size 20M)
current process WorkingSet (physical memory assigned to process): 432M, peak: 432M
current process commit charge ("private bytes"): 448M, peak: 452M

vm_info: OpenJDK 64-Bit Server VM (21.0.7+6-LTS) for windows-amd64 JRE (21.0.7+6-LTS), built on 2025-04-15T00:00:00Z by "admin" with MS VC++ 17.7 (VS2022)

END.
