#
# There is insufficient memory for the Java Runtime Environment to continue.
# Native memory allocation (malloc) failed to allocate 1048576 bytes. Error detail: AllocateHeap
# Possible reasons:
#   The system is out of physical RAM or swap space
#   This process is running with CompressedOops enabled, and the Java Heap may be blocking the growth of the native heap
# Possible solutions:
#   Reduce memory load on the system
#   Increase physical memory or swap space
#   Check if swap backing store is full
#   Decrease Java heap size (-Xmx/-Xms)
#   Decrease number of Java threads
#   Decrease Java thread stack sizes (-Xss)
#   Set larger code cache with -XX:ReservedCodeCacheSize=
#   JVM is running with Unscaled Compressed Oops mode in which the Java heap is
#     placed in the first 4GB address space. The Java Heap base address is the
#     maximum limit for the native heap growth. Please use -XX:HeapBaseMinAddress
#     to set the Java Heap base and to place the Java Heap above 4GB virtual address.
# This output file may be truncated or incomplete.
#
#  Out of Memory Error (allocation.cpp:44), pid=18004, tid=19940
#
# JRE version:  (21.0.7+6) (build )
# Java VM: OpenJDK 64-Bit Server VM (21.0.7+6-LTS, mixed mode, sharing, tiered, compressed oops, compressed class ptrs, parallel gc, windows-amd64)
# No core dump will be written. Minidumps are not enabled by default on client versions of Windows
#

---------------  S U M M A R Y ------------

Command Line: --add-modules=ALL-SYSTEM --add-opens=java.base/java.util=ALL-UNNAMED --add-opens=java.base/java.lang=ALL-UNNAMED --add-opens=java.base/sun.nio.fs=ALL-UNNAMED -Declipse.application=org.eclipse.jdt.ls.core.id1 -Dosgi.bundles.defaultStartLevel=4 -Declipse.product=org.eclipse.jdt.ls.core.product -Djava.import.generatesMetadataFilesAtProjectRoot=false -DDetectVMInstallationsJob.disabled=true -Dfile.encoding=utf8 -XX:+UseParallelGC -XX:GCTimeRatio=4 -XX:AdaptiveSizePolicyWeight=90 -Dsun.zip.disableMemoryMapping=true -Xmx2G -Xms100m -Xlog:disable -javaagent:c:\Users\arnab bandyopadhyay\.vscode\extensions\redhat.java-1.43.1-win32-x64\lombok\lombok-1.18.39-4050.jar -XX:+HeapDumpOnOutOfMemoryError -XX:HeapDumpPath=c:\Users\arnab bandyopadhyay\AppData\Roaming\Code\User\workspaceStorage\e580bcd81b936e536e891235020ce0da\redhat.java -Daether.dependencyCollector.impl=bf c:\Users\arnab bandyopadhyay\.vscode\extensions\redhat.java-1.43.1-win32-x64\server\plugins\org.eclipse.equinox.launcher_1.7.0.v20250519-0528.jar -configuration c:\Users\arnab bandyopadhyay\AppData\Roaming\Code\User\globalStorage\redhat.java\1.43.1\config_win -data c:\Users\arnab bandyopadhyay\AppData\Roaming\Code\User\workspaceStorage\e580bcd81b936e536e891235020ce0da\redhat.java\jdt_ws --pipe=\\.\pipe\lsp-7d157c1412e1e42d4544e4d4ea841f7e-sock

Host: 11th Gen Intel(R) Core(TM) i3-1125G4 @ 2.00GHz, 8 cores, 7G,  Windows 11 , 64 bit Build 22621 (10.0.22621.5415)
Time: Tue Jul 22 22:39:47 2025 India Standard Time elapsed time: 0.137500 seconds (0d 0h 0m 0s)

---------------  T H R E A D  ---------------

Current thread (0x00000231f553fc00):  JavaThread "Unknown thread" [_thread_in_vm, id=19940, stack(0x000000ce0bb00000,0x000000ce0bc00000) (1024K)]

Stack: [0x000000ce0bb00000,0x000000ce0bc00000]
Native frames: (J=compiled Java code, j=interpreted, Vv=VM code, C=native code)
V  [jvm.dll+0x6ce119]
V  [jvm.dll+0x8a84a1]
V  [jvm.dll+0x8aa9ce]
V  [jvm.dll+0x8ab0b3]
V  [jvm.dll+0x27f8a6]
V  [jvm.dll+0xbfba7]
V  [jvm.dll+0x702092]
V  [jvm.dll+0x702dcc]
V  [jvm.dll+0x6dcc63]
V  [jvm.dll+0x871dbc]
V  [jvm.dll+0x3bc47c]
V  [jvm.dll+0x85a848]
V  [jvm.dll+0x45080e]
V  [jvm.dll+0x452451]
C  [jli.dll+0x5278]
C  [ucrtbase.dll+0x29333]
C  [KERNEL32.DLL+0x1259d]
C  [ntdll.dll+0x5af78]


---------------  P R O C E S S  ---------------

Threads class SMR info:
_java_thread_list=0x00000231f55aae80, length=1, elements={
0x00000231f553fc00
}

Java Threads: ( => current thread )
=>0x00000231f553fc00 JavaThread "Unknown thread"             [_thread_in_vm, id=19940, stack(0x000000ce0bb00000,0x000000ce0bc00000) (1024K)]
Total: 1

Other Threads:
  0x00000231f55ab4b0 WatcherThread "VM Periodic Task Thread"        [id=19392, stack(0x000000ce0bd00000,0x000000ce0be00000) (1024K)]
  0x00000231f555e140 WorkerThread "GC Thread#0"                     [id=21448, stack(0x000000ce0bc00000,0x000000ce0bd00000) (1024K)]
Total: 2

Threads with active compile tasks:
Total: 0

VM state: not at safepoint (normal execution)

VM Mutex/Monitor currently owned by a thread: None

Heap address: 0x0000000080000000, size: 2048 MB, Compressed Oops mode: 32-bit

CDS archive(s) mapped at: [0x000002318f000000-0x000002318fba0000-0x000002318fba0000), size 12189696, SharedBaseAddress: 0x000002318f000000, ArchiveRelocationMode: 1.
Compressed class space mapped at: 0x0000023190000000-0x00000231d0000000, reserved size: 1073741824
Narrow klass base: 0x000002318f000000, Narrow klass shift: 0, Narrow klass range: 0x100000000

GC Precious Log:
 CardTable entry size: 512
 CPUs: 8 total, 8 available
 Memory: 7834M
 Large Page Support: Disabled
 NUMA Support: Disabled
 Compressed Oops: Enabled (32-bit)
 Alignments: Space 512K, Generation 512K, Heap 2M
 Heap Min Capacity: 100M
 Heap Initial Capacity: 100M
 Heap Max Capacity: 2G
 Pre-touch: Disabled
 Parallel Workers: 8

Heap:
 PSYoungGen      total 29696K, used 512K [0x00000000d5580000, 0x00000000d7680000, 0x0000000100000000)
  eden space 25600K, 2% used [0x00000000d5580000,0x00000000d5600020,0x00000000d6e80000)
  from space 4096K, 0% used [0x00000000d7280000,0x00000000d7280000,0x00000000d7680000)
  to   space 4096K, 0% used [0x00000000d6e80000,0x00000000d6e80000,0x00000000d7280000)
 ParOldGen       total 68608K, used 0K [0x0000000080000000, 0x0000000084300000, 0x00000000d5580000)
  object space 68608K, 0% used [0x0000000080000000,0x0000000080000000,0x0000000084300000)
 Metaspace       used 0K, committed 0K, reserved 1048576K
  class space    used 0K, committed 0K, reserved 1048576K

Card table byte_map: [0x00000231f4f10000,0x00000231f5320000] _byte_map_base: 0x00000231f4b10000

Marking Bits: (ParMarkBitMap*) 0x00007ffbb0e331f0
 Begin Bits: [0x00000231f89e0000, 0x00000231fa9e0000)
 End Bits:   [0x00000231fa9e0000, 0x00000231fc9e0000)

Polling page: 0x00000231f4d00000

Metaspace:

Usage:
  Non-class:      0 bytes used.
      Class:      0 bytes used.
       Both:      0 bytes used.

Virtual space:
  Non-class space:        0 bytes reserved,       0 bytes (  ?%) committed,  0 nodes.
      Class space:        1.00 GB reserved,       0 bytes (  0%) committed,  1 nodes.
             Both:        1.00 GB reserved,       0 bytes (  0%) committed. 

Chunk freelists:
   Non-Class:  0 bytes
       Class:  16.00 MB
        Both:  16.00 MB

MaxMetaspaceSize: unlimited
CompressedClassSpaceSize: 1.00 GB
Initial GC threshold: 21.00 MB
Current GC threshold: 17179869184.00 GB
CDS: on
 - commit_granule_bytes: 65536.
 - commit_granule_words: 8192.
 - virtual_space_node_default_size: 8388608.
 - enlarge_chunks_in_place: 1.
 - use_allocation_guard: 0.


Internal statistics:

num_allocs_failed_limit: 0.
num_arena_births: 0.
num_arena_deaths: 0.
num_vsnodes_births: 1.
num_vsnodes_deaths: 0.
num_space_committed: 0.
num_space_uncommitted: 0.
num_chunks_returned_to_freelist: 0.
num_chunks_taken_from_freelist: 1.
num_chunk_merges: 0.
num_chunk_splits: 1.
num_chunks_enlarged: 0.
num_inconsistent_stats: 0.

CodeHeap 'non-profiled nmethods': size=120000Kb used=0Kb max_used=0Kb free=120000Kb
 bounds [0x0000023187ad0000, 0x0000023187d40000, 0x000002318f000000]
CodeHeap 'profiled nmethods': size=120000Kb used=0Kb max_used=0Kb free=120000Kb
 bounds [0x0000023180000000, 0x0000023180270000, 0x0000023187530000]
CodeHeap 'non-nmethods': size=5760Kb used=199Kb max_used=348Kb free=5560Kb
 bounds [0x0000023187530000, 0x00000231877a0000, 0x0000023187ad0000]
 total_blobs=70 nmethods=0 adapters=48
 compilation: enabled
              stopped_count=0, restarted_count=0
 full_count=0

Compilation events (0 events):
No events

GC Heap History (0 events):
No events

Dll operation events (1 events):
Event: 0.015 Loaded shared library c:\Users\arnab bandyopadhyay\.vscode\extensions\redhat.java-1.43.1-win32-x64\jre\21.0.7-win32-x86_64\bin\java.dll

Deoptimization events (0 events):
No events

Classes loaded (0 events):
No events

Classes unloaded (0 events):
No events

Classes redefined (0 events):
No events

Internal exceptions (0 events):
No events

ZGC Phase Switch (0 events):
No events

VM Operations (0 events):
No events

Memory protections (0 events):
No events

Nmethod flushes (0 events):
No events

Events (1 events):
Event: 0.080 Thread 0x00000231f553fc00 Thread added: 0x00000231f553fc00


Dynamic libraries:
0x00007ff6b5920000 - 0x00007ff6b592e000 	c:\Users\arnab bandyopadhyay\.vscode\extensions\redhat.java-1.43.1-win32-x64\jre\21.0.7-win32-x86_64\bin\java.exe
0x00007ffc0ab70000 - 0x00007ffc0ad87000 	C:\WINDOWS\SYSTEM32\ntdll.dll
0x00007ffc0a660000 - 0x00007ffc0a724000 	C:\WINDOWS\System32\KERNEL32.DLL
0x00007ffc07d20000 - 0x00007ffc080f2000 	C:\WINDOWS\System32\KERNELBASE.dll
0x00007ffc086b0000 - 0x00007ffc087c1000 	C:\WINDOWS\System32\ucrtbase.dll
0x00007ffbc35c0000 - 0x00007ffbc35d8000 	c:\Users\arnab bandyopadhyay\.vscode\extensions\redhat.java-1.43.1-win32-x64\jre\21.0.7-win32-x86_64\bin\jli.dll
0x00007ffc0a050000 - 0x00007ffc0a201000 	C:\WINDOWS\System32\USER32.dll
0x00007ffc087d0000 - 0x00007ffc087f6000 	C:\WINDOWS\System32\win32u.dll
0x00007ffc09d30000 - 0x00007ffc09d59000 	C:\WINDOWS\System32\GDI32.dll
0x00007ffc08220000 - 0x00007ffc08343000 	C:\WINDOWS\System32\gdi32full.dll
0x00007ffc08100000 - 0x00007ffc0819a000 	C:\WINDOWS\System32\msvcp_win.dll
0x00007ffbbc710000 - 0x00007ffbbc72e000 	c:\Users\arnab bandyopadhyay\.vscode\extensions\redhat.java-1.43.1-win32-x64\jre\21.0.7-win32-x86_64\bin\VCRUNTIME140.dll
0x00007ffbeaaf0000 - 0x00007ffbead8b000 	C:\WINDOWS\WinSxS\amd64_microsoft.windows.common-controls_6595b64144ccf1df_6.0.22621.5547_none_27104afb73855772\COMCTL32.dll
0x00007ffc09b10000 - 0x00007ffc09bb7000 	C:\WINDOWS\System32\msvcrt.dll
0x00007ffc0aab0000 - 0x00007ffc0aae1000 	C:\WINDOWS\System32\IMM32.DLL
0x00007ffbebbd0000 - 0x00007ffbebbdc000 	c:\Users\arnab bandyopadhyay\.vscode\extensions\redhat.java-1.43.1-win32-x64\jre\21.0.7-win32-x86_64\bin\vcruntime140_1.dll
0x00007ffbb4940000 - 0x00007ffbb49cd000 	c:\Users\arnab bandyopadhyay\.vscode\extensions\redhat.java-1.43.1-win32-x64\jre\21.0.7-win32-x86_64\bin\msvcp140.dll
0x00007ffbb0180000 - 0x00007ffbb0f10000 	c:\Users\arnab bandyopadhyay\.vscode\extensions\redhat.java-1.43.1-win32-x64\jre\21.0.7-win32-x86_64\bin\server\jvm.dll
0x00007ffc0a940000 - 0x00007ffc0a9f1000 	C:\WINDOWS\System32\ADVAPI32.dll
0x00007ffc09fa0000 - 0x00007ffc0a048000 	C:\WINDOWS\System32\sechost.dll
0x00007ffc08600000 - 0x00007ffc08628000 	C:\WINDOWS\System32\bcrypt.dll
0x00007ffc0a7d0000 - 0x00007ffc0a8e4000 	C:\WINDOWS\System32\RPCRT4.dll
0x00007ffc0a730000 - 0x00007ffc0a7a1000 	C:\WINDOWS\System32\WS2_32.dll
0x00007ffc07a80000 - 0x00007ffc07acd000 	C:\WINDOWS\SYSTEM32\POWRPROF.dll
0x00007ffc00bf0000 - 0x00007ffc00c24000 	C:\WINDOWS\SYSTEM32\WINMM.dll
0x00007ffc007e0000 - 0x00007ffc007ea000 	C:\WINDOWS\SYSTEM32\VERSION.dll
0x00007ffc07960000 - 0x00007ffc07973000 	C:\WINDOWS\SYSTEM32\UMPDC.dll
0x00007ffc06c10000 - 0x00007ffc06c28000 	C:\WINDOWS\SYSTEM32\kernel.appcore.dll
0x00007ffbeb410000 - 0x00007ffbeb41a000 	c:\Users\arnab bandyopadhyay\.vscode\extensions\redhat.java-1.43.1-win32-x64\jre\21.0.7-win32-x86_64\bin\jimage.dll
0x00007ffc05690000 - 0x00007ffc058c3000 	C:\WINDOWS\SYSTEM32\DBGHELP.DLL
0x00007ffc08800000 - 0x00007ffc08b93000 	C:\WINDOWS\System32\combase.dll
0x00007ffc09bc0000 - 0x00007ffc09c97000 	C:\WINDOWS\System32\OLEAUT32.dll
0x00007ffbea470000 - 0x00007ffbea4a2000 	C:\WINDOWS\SYSTEM32\dbgcore.DLL
0x00007ffc08630000 - 0x00007ffc086ab000 	C:\WINDOWS\System32\bcryptPrimitives.dll
0x00007ffbeb0f0000 - 0x00007ffbeb0ff000 	c:\Users\arnab bandyopadhyay\.vscode\extensions\redhat.java-1.43.1-win32-x64\jre\21.0.7-win32-x86_64\bin\instrument.dll
0x00007ffbbc6f0000 - 0x00007ffbbc70f000 	c:\Users\arnab bandyopadhyay\.vscode\extensions\redhat.java-1.43.1-win32-x64\jre\21.0.7-win32-x86_64\bin\java.dll

dbghelp: loaded successfully - version: 4.0.5 - missing functions: none
symbol engine: initialized successfully - sym options: 0x614 - pdb path: .;c:\Users\arnab bandyopadhyay\.vscode\extensions\redhat.java-1.43.1-win32-x64\jre\21.0.7-win32-x86_64\bin;C:\WINDOWS\SYSTEM32;C:\WINDOWS\WinSxS\amd64_microsoft.windows.common-controls_6595b64144ccf1df_6.0.22621.5547_none_27104afb73855772;c:\Users\arnab bandyopadhyay\.vscode\extensions\redhat.java-1.43.1-win32-x64\jre\21.0.7-win32-x86_64\bin\server

VM Arguments:
jvm_args: --add-modules=ALL-SYSTEM --add-opens=java.base/java.util=ALL-UNNAMED --add-opens=java.base/java.lang=ALL-UNNAMED --add-opens=java.base/sun.nio.fs=ALL-UNNAMED -Declipse.application=org.eclipse.jdt.ls.core.id1 -Dosgi.bundles.defaultStartLevel=4 -Declipse.product=org.eclipse.jdt.ls.core.product -Djava.import.generatesMetadataFilesAtProjectRoot=false -DDetectVMInstallationsJob.disabled=true -Dfile.encoding=utf8 -XX:+UseParallelGC -XX:GCTimeRatio=4 -XX:AdaptiveSizePolicyWeight=90 -Dsun.zip.disableMemoryMapping=true -Xmx2G -Xms100m -Xlog:disable -javaagent:c:\Users\arnab bandyopadhyay\.vscode\extensions\redhat.java-1.43.1-win32-x64\lombok\lombok-1.18.39-4050.jar -XX:+HeapDumpOnOutOfMemoryError -XX:HeapDumpPath=c:\Users\arnab bandyopadhyay\AppData\Roaming\Code\User\workspaceStorage\e580bcd81b936e536e891235020ce0da\redhat.java -Daether.dependencyCollector.impl=bf 
java_command: c:\Users\arnab bandyopadhyay\.vscode\extensions\redhat.java-1.43.1-win32-x64\server\plugins\org.eclipse.equinox.launcher_1.7.0.v20250519-0528.jar -configuration c:\Users\arnab bandyopadhyay\AppData\Roaming\Code\User\globalStorage\redhat.java\1.43.1\config_win -data c:\Users\arnab bandyopadhyay\AppData\Roaming\Code\User\workspaceStorage\e580bcd81b936e536e891235020ce0da\redhat.java\jdt_ws --pipe=\\.\pipe\lsp-7d157c1412e1e42d4544e4d4ea841f7e-sock
java_class_path (initial): c:\Users\arnab bandyopadhyay\.vscode\extensions\redhat.java-1.43.1-win32-x64\server\plugins\org.eclipse.equinox.launcher_1.7.0.v20250519-0528.jar
Launcher Type: SUN_STANDARD

[Global flags]
    uintx AdaptiveSizePolicyWeight                 = 90                                        {product} {command line}
     intx CICompilerCount                          = 4                                         {product} {ergonomic}
    uintx GCTimeRatio                              = 4                                         {product} {command line}
     bool HeapDumpOnOutOfMemoryError               = true                                   {manageable} {command line}
    ccstr HeapDumpPath                             = c:\Users\arnab bandyopadhyay\AppData\Roaming\Code\User\workspaceStorage\e580bcd81b936e536e891235020ce0da\redhat.java         {manageable} {command line}
   size_t InitialHeapSize                          = 104857600                                 {product} {command line}
   size_t MaxHeapSize                              = 2147483648                                {product} {command line}
   size_t MaxNewSize                               = 715653120                                 {product} {ergonomic}
   size_t MinHeapDeltaBytes                        = 524288                                    {product} {ergonomic}
   size_t MinHeapSize                              = 104857600                                 {product} {command line}
   size_t NewSize                                  = 34603008                                  {product} {ergonomic}
    uintx NonNMethodCodeHeapSize                   = 5839372                                {pd product} {ergonomic}
    uintx NonProfiledCodeHeapSize                  = 122909434                              {pd product} {ergonomic}
   size_t OldSize                                  = 70254592                                  {product} {ergonomic}
    uintx ProfiledCodeHeapSize                     = 122909434                              {pd product} {ergonomic}
    uintx ReservedCodeCacheSize                    = 251658240                              {pd product} {ergonomic}
     bool SegmentedCodeCache                       = true                                      {product} {ergonomic}
   size_t SoftMaxHeapSize                          = 2147483648                             {manageable} {ergonomic}
     bool UseCompressedOops                        = true                           {product lp64_product} {ergonomic}
     bool UseLargePagesIndividualAllocation        = false                                  {pd product} {ergonomic}
     bool UseParallelGC                            = true                                      {product} {command line}

Logging:
Log output configuration:
 #0: stdout all=off uptime,level,tags foldmultilines=false
 #1: stderr all=off uptime,level,tags foldmultilines=false

Environment Variables:
JAVA_HOME=C:\Program Files\Java\jdk-17
PATH=C:\Program Files\Java\jdk-17;C:\Program Files\Python313\Scripts\;C:\Program Files\Python313\;C:\WINDOWS\system32;C:\WINDOWS;C:\WINDOWS\System32\Wbem;C:\WINDOWS\System32\WindowsPowerShell\v1.0\;C:\WINDOWS\System32\OpenSSH\;C:\MinGW\bin;C:\MinGW\bin;C:\Program Files\Git\cmd;C:\Program Files\Git\bin;C:\Program Files\MongoDB\Server\8.0\bin;C:\Android\platform-tools;C:\Program Files\nodejs\;C:\Program Files\MongoDB\Server\8.0\bin;C:\Program Files\PostgreSQL\17\bin;C:\Program Files\Java\jdk-17\bin;C:\Android\cmdline-tools\latest\bin;C:\Android\build-tools;C:\Users\arnab bandyopadhyay\AppData\Local\Programs\Python\Python311\Scripts\;C:\Users\arnab bandyopadhyay\AppData\Local\Programs\Python\Python311\;C:\Users\arnab bandyopadhyay\AppData\Local\Programs\Python\Launcher\;C:\Users\arnab bandyopadhyay\AppData\Local\Microsoft\WindowsApps;C:\Users\arnab bandyopadhyay\AppData\Local\Programs\Microsoft VS Code\bin;C:\Users\arnab bandyopadhyay\AppData\Local\Programs\mongosh\;C:\Android\cmdline-tools\latest\bin;C:\Android\platform-tools;C:\Android\ndk\27.1.12297006;C:\Users\arnab bandyopadhyay\AppData\Roaming\npm;C:\Android\build-tools;C:\Program Files\PostgreSQL\17\bin;C:\Android\emulator;
USERNAME=arnab bandyopadhyay
OS=Windows_NT
PROCESSOR_IDENTIFIER=Intel64 Family 6 Model 140 Stepping 1, GenuineIntel
TMP=C:\Users\ARNABB~1\AppData\Local\Temp
TEMP=C:\Users\ARNABB~1\AppData\Local\Temp




Periodic native trim disabled

---------------  S Y S T E M  ---------------

OS:
 Windows 11 , 64 bit Build 22621 (10.0.22621.5415)
OS uptime: 0 days 5:08 hours
Hyper-V role detected

CPU: total 8 (initial active 8) (4 cores per cpu, 2 threads per core) family 6 model 140 stepping 1 microcode 0xb4, cx8, cmov, fxsr, ht, mmx, 3dnowpref, sse, sse2, sse3, ssse3, sse4.1, sse4.2, popcnt, lzcnt, tsc, tscinvbit, avx, avx2, aes, erms, clmul, bmi1, bmi2, adx, avx512f, avx512dq, avx512cd, avx512bw, avx512vl, sha, fma, vzeroupper, avx512_vpopcntdq, avx512_vpclmulqdq, avx512_vaes, avx512_vnni, clflush, clflushopt, clwb, avx512_vbmi2, avx512_vbmi, hv, rdtscp, rdpid, fsrm, gfni, avx512_bitalg, f16c, cet_ibt, cet_ss, avx512_ifma
Processor Information for the first 8 processors :
  Max Mhz: 2001, Current Mhz: 2000, Mhz Limit: 1980

Memory: 4k page, system-wide physical 7834M (434M free)
TotalPageFile size 15948M (AvailPageFile size 79M)
current process WorkingSet (physical memory assigned to process): 25M, peak: 25M
current process commit charge ("private bytes"): 207M, peak: 208M

vm_info: OpenJDK 64-Bit Server VM (21.0.7+6-LTS) for windows-amd64 JRE (21.0.7+6-LTS), built on 2025-04-15T00:00:00Z by "admin" with MS VC++ 17.7 (VS2022)

END.
